MPLINK 4.48, Linker
Linker Map File - Created Sun May 10 09:51:04 2015

                                 Section Info
                  Section       Type    Address   Location Size(Bytes)
                ---------  ---------  ---------  ---------  ---------
               _entry_scn       code   0x000000    program   0x000006
           .code___init.o       code   0x000006    program   0x000002
    HIGH_INTERRUPT_VECTOR       code   0x000008    program   0x000006
          .idata_main.o_i    romdata   0x00000e    program   0x000006
     LOW_INTERRUPT_VECTOR       code   0x000018    program   0x000006
                   .cinit    romdata   0x00001e    program   0x00000e
             .code_main.o       code   0x00002c    program   0x00072a
         .code_helpfunc.o       code   0x000756    program   0x0003ba
                     PROG       code   0x000b10    program   0x00026e
 .code_usb_function_hid.o       code   0x000d7e    program   0x0000ec
.romdata_usb_descriptors.o    romdata   0x000e6a    program   0x0000c6
               _cinit_scn       code   0x000f30    program   0x00009e
             .code_init.o       code   0x000fce    program   0x000038
.idata_usb_descriptors.o_i    romdata   0x001006    program   0x000000
  .code_usb_descriptors.o       code   0x001006    program   0x000000
    .idata_usb_device.o_i    romdata   0x001006    program   0x000000
    .romdata_usb_device.o    romdata   0x001006    program   0x000000
.idata_usb_function_hid.o_i    romdata   0x001006    program   0x000000
.romdata_usb_function_hid.o    romdata   0x001006    program   0x000000
        .idata___init.o_i    romdata   0x001006    program   0x000000
        .romdata___init.o    romdata   0x001006    program   0x000000
         .idata_c018i.o_i    romdata   0x001006    program   0x000000
         .romdata_c018i.o    romdata   0x001006    program   0x000000
            .code_c018i.o       code   0x001006    program   0x000000
      .idata_helpfunc.o_i    romdata   0x001006    program   0x000000
      .romdata_helpfunc.o    romdata   0x001006    program   0x000000
          .idata_init.o_i    romdata   0x001006    program   0x000000
          .romdata_init.o    romdata   0x001006    program   0x000000
          .romdata_main.o    romdata   0x001006    program   0x000000
REMAPPED_HIGH_INTERRUPT_VECTOR       code   0x001008    program   0x000006
REMAPPED_LOW_INTERRUPT_VECTOR       code   0x001018    program   0x000006
       .code_usb_device.o       code   0x00101e    program   0x0010c8
                   STRING       code   0x0020e6    program   0x000034
                    .code       code   0x00211a    program   0x000020
             _startup_scn       code   0x00213a    program   0x00001c
      .config_7ff8_main.o    romdata   0x007ff8    program   0x000001
      .config_7ff9_main.o    romdata   0x007ff9    program   0x000001
      .config_7ffa_main.o    romdata   0x007ffa    program   0x000001
      .config_7ffb_main.o    romdata   0x007ffb    program   0x000001
      .config_7ffd_main.o    romdata   0x007ffd    program   0x000001
                MATH_DATA      udata   0x000000       data   0x000014
                 .tmpdata      udata   0x000014       data   0x000004
            .udata_main.o      udata   0x000060       data   0x00008f
           .udata_c018i.o      udata   0x0000ef       data   0x00000a
            .idata_main.o      idata   0x0000f9       data   0x000006
          .idata___init.o      idata   0x0000ff       data   0x000000
          .udata___init.o      udata   0x0000ff       data   0x000000
.idata_usb_function_hid.o      idata   0x0000ff       data   0x000000
      .idata_usb_device.o      idata   0x0000ff       data   0x000000
 .idata_usb_descriptors.o      idata   0x0000ff       data   0x000000
 .udata_usb_descriptors.o      udata   0x0000ff       data   0x000000
            .idata_init.o      idata   0x0000ff       data   0x000000
            .udata_init.o      udata   0x0000ff       data   0x000000
        .idata_helpfunc.o      idata   0x0000ff       data   0x000000
           .idata_c018i.o      idata   0x0000ff       data   0x000000
                  USB_BDT      udata   0x000400       data   0x000036
        .udata_helpfunc.o      udata   0x000436       data   0x00006e
                   .stack      udata   0x000e00       data   0x000100
      .udata_usb_device.o      udata   0x000f00       data   0x000025
.udata_usb_function_hid.o      udata   0x000f25       data   0x000003
              SFR_BANKED0      udata   0x000f40       data   0x000020
            SFR_UNBANKED0      udata   0x000f60       data   0x0000a0



                              Program Memory Usage 
                               Start         End      
                           ---------   ---------      
                            0x000000    0x000013      
                            0x000018    0x001005      
                            0x001008    0x00100d      
                            0x001018    0x002155      
                            0x007ff8    0x007ffb      
                            0x007ffd    0x007ffd      
            8523 out of 32768 program addresses used, program memory utilization is 26%



                              Symbols - Sorted by Name
                     Name    Address   Location    Storage File                     
                ---------  ---------  ---------  --------- ---------                
             AllowDataOut   0x0007b2    program     extern I:\VT2\UHT\UHT_3V3D\UHT_USB_V1\00.00.00.00\helpfunc.c
              AllowInputs   0x0007aa    program     extern I:\VT2\UHT\UHT_3V3D\UHT_USB_V1\00.00.00.00\helpfunc.c
             BlockDataOut   0x0007b6    program     extern I:\VT2\UHT\UHT_3V3D\UHT_USB_V1\00.00.00.00\helpfunc.c
              BlockInputs   0x0007ae    program     extern I:\VT2\UHT\UHT_3V3D\UHT_USB_V1\00.00.00.00\helpfunc.c
             ClearAllPins   0x0007ba    program     extern I:\VT2\UHT\UHT_3V3D\UHT_USB_V1\00.00.00.00\helpfunc.c
                 FLO1632S   0x000b14    program     extern E:\c18v3.46\pic18-lt\cxx-framework\src\traditional\math\cast16FP.asm
                 FLO1632U   0x000b10    program     extern E:\c18v3.46\pic18-lt\cxx-framework\src\traditional\math\cast16FP.asm
                    FPM32   0x000b3a    program     extern E:\c18v3.46\pic18-lt\cxx-framework\src\traditional\math\mulFP.asm
      HIDGetReportHandler   0x000e66    program     extern I:\VT2\UHT\UHT_3V3D\UHT_USB_V1\00.00.00.00\usb_function_hid.c
      HIDSetReportHandler   0x000e68    program     extern I:\VT2\UHT\UHT_3V3D\UHT_USB_V1\00.00.00.00\usb_function_hid.c
                 High_ISR   0x000008    program     extern I:\VT2\UHT\UHT_3V3D\UHT_USB_V1\00.00.00.00\main.c
                  INT3216   0x000c14    program     extern E:\c18v3.46\pic18-lt\cxx-framework\src\traditional\math\castFP16.asm
            InitRegisters   0x000fce    program     extern I:\VT2\UHT\UHT_3V3D\UHT_USB_V1\00.00.00.00\init.c
         InitializeSystem   0x000166    program     static I:\VT2\UHT\UHT_3V3D\UHT_USB_V1\00.00.00.00\main.c
                   Latch1   0x00084c    program     extern I:\VT2\UHT\UHT_3V3D\UHT_USB_V1\00.00.00.00\helpfunc.c
                   Latch2   0x000852    program     extern I:\VT2\UHT\UHT_3V3D\UHT_USB_V1\00.00.00.00\helpfunc.c
                   Latch3   0x000858    program     extern I:\VT2\UHT\UHT_3V3D\UHT_USB_V1\00.00.00.00\helpfunc.c
                   Latch4   0x00085e    program     extern I:\VT2\UHT\UHT_3V3D\UHT_USB_V1\00.00.00.00\helpfunc.c
                   Latch5   0x000864    program     extern I:\VT2\UHT\UHT_3V3D\UHT_USB_V1\00.00.00.00\helpfunc.c
                   Latch6   0x00086a    program     extern I:\VT2\UHT\UHT_3V3D\UHT_USB_V1\00.00.00.00\helpfunc.c
                LatchData   0x0007d6    program     extern I:\VT2\UHT\UHT_3V3D\UHT_USB_V1\00.00.00.00\helpfunc.c
                  Low_ISR   0x000018    program     extern I:\VT2\UHT\UHT_3V3D\UHT_USB_V1\00.00.00.00\main.c
                ProcessIO   0x0001c6    program     extern I:\VT2\UHT\UHT_3V3D\UHT_USB_V1\00.00.00.00\main.c
                   ReadAD   0x000a98    program     extern I:\VT2\UHT\UHT_3V3D\UHT_USB_V1\00.00.00.00\helpfunc.c
           ReadADChannels   0x000976    program     extern I:\VT2\UHT\UHT_3V3D\UHT_USB_V1\00.00.00.00\helpfunc.c
       ReadADDataChannels   0x000870    program     extern I:\VT2\UHT\UHT_3V3D\UHT_USB_V1\00.00.00.00\helpfunc.c
        Remapped_High_ISR   0x001008    program     extern I:\VT2\UHT\UHT_3V3D\UHT_USB_V1\00.00.00.00\main.c
         Remapped_Low_ISR   0x001018    program     extern I:\VT2\UHT\UHT_3V3D\UHT_USB_V1\00.00.00.00\main.c
     SetInputLatchAddress   0x000756    program     extern I:\VT2\UHT\UHT_3V3D\UHT_USB_V1\00.00.00.00\helpfunc.c
       USBCBCheckOtherReq   0x000666    program     extern I:\VT2\UHT\UHT_3V3D\UHT_USB_V1\00.00.00.00\main.c
        USBCBErrorHandler   0x000664    program     extern I:\VT2\UHT\UHT_3V3D\UHT_USB_V1\00.00.00.00\main.c
              USBCBInitEP   0x00066c    program     extern I:\VT2\UHT\UHT_3V3D\UHT_USB_V1\00.00.00.00\main.c
          USBCBSendResume   0x0006a4    program     extern I:\VT2\UHT\UHT_3V3D\UHT_USB_V1\00.00.00.00\main.c
    USBCBStdSetDscHandler   0x00066a    program     extern I:\VT2\UHT\UHT_3V3D\UHT_USB_V1\00.00.00.00\main.c
             USBCBSuspend   0x00065e    program     extern I:\VT2\UHT\UHT_3V3D\UHT_USB_V1\00.00.00.00\main.c
     USBCBWakeFromSuspend   0x000660    program     extern I:\VT2\UHT\UHT_3V3D\UHT_USB_V1\00.00.00.00\main.c
        USBCB_SOF_Handler   0x000662    program     extern I:\VT2\UHT\UHT_3V3D\UHT_USB_V1\00.00.00.00\main.c
       USBCheckHIDRequest   0x000d7e    program     extern I:\VT2\UHT\UHT_3V3D\UHT_USB_V1\00.00.00.00\usb_function_hid.c
       USBCheckStdRequest   0x0015b2    program     extern I:\VT2\UHT\UHT_3V3D\UHT_USB_V1\00.00.00.00\usb_device.c
    USBClearInterruptFlag   0x00206a    program     extern I:\VT2\UHT\UHT_3V3D\UHT_USB_V1\00.00.00.00\usb_device.c
     USBConfigureEndpoint   0x001d58    program     extern I:\VT2\UHT\UHT_3V3D\UHT_USB_V1\00.00.00.00\usb_device.c
         USBCtrlEPService   0x00132a    program     extern I:\VT2\UHT\UHT_3V3D\UHT_USB_V1\00.00.00.00\usb_device.c
 USBCtrlEPServiceComplete   0x00190a    program     extern I:\VT2\UHT\UHT_3V3D\UHT_USB_V1\00.00.00.00\usb_device.c
      USBCtrlTrfInHandler   0x0013d6    program     extern I:\VT2\UHT\UHT_3V3D\UHT_USB_V1\00.00.00.00\usb_device.c
     USBCtrlTrfOutHandler   0x0013c4    program     extern I:\VT2\UHT\UHT_3V3D\UHT_USB_V1\00.00.00.00\usb_device.c
      USBCtrlTrfRxService   0x001bc4    program     extern I:\VT2\UHT\UHT_3V3D\UHT_USB_V1\00.00.00.00\usb_device.c
   USBCtrlTrfSetupHandler   0x00137e    program     extern I:\VT2\UHT\UHT_3V3D\UHT_USB_V1\00.00.00.00\usb_device.c
      USBCtrlTrfTxService   0x001aae    program     extern I:\VT2\UHT\UHT_3V3D\UHT_USB_V1\00.00.00.00\usb_device.c
          USBDeviceAttach   0x0020b6    program     extern I:\VT2\UHT\UHT_3V3D\UHT_USB_V1\00.00.00.00\usb_device.c
          USBDeviceDetach   0x0020a2    program     extern I:\VT2\UHT\UHT_3V3D\UHT_USB_V1\00.00.00.00\usb_device.c
            USBDeviceInit   0x00101e    program     extern I:\VT2\UHT\UHT_3V3D\UHT_USB_V1\00.00.00.00\usb_device.c
           USBDeviceTasks   0x0010c6    program     extern I:\VT2\UHT\UHT_3V3D\UHT_USB_V1\00.00.00.00\usb_device.c
        USBEnableEndpoint   0x001e2c    program     extern I:\VT2\UHT\UHT_3V3D\UHT_USB_V1\00.00.00.00\usb_device.c
USBPrepareForNextSetupTrf   0x001476    program     extern I:\VT2\UHT\UHT_3V3D\UHT_USB_V1\00.00.00.00\usb_device.c
         USBStallEndpoint   0x001e98    program     extern I:\VT2\UHT\UHT_3V3D\UHT_USB_V1\00.00.00.00\usb_device.c
          USBStallHandler   0x001268    program     extern I:\VT2\UHT\UHT_3V3D\UHT_USB_V1\00.00.00.00\usb_device.c
  USBStdFeatureReqHandler   0x00167a    program     extern I:\VT2\UHT\UHT_3V3D\UHT_USB_V1\00.00.00.00\usb_device.c
      USBStdGetDscHandler   0x001794    program     extern I:\VT2\UHT\UHT_3V3D\UHT_USB_V1\00.00.00.00\usb_device.c
   USBStdGetStatusHandler   0x001848    program     extern I:\VT2\UHT\UHT_3V3D\UHT_USB_V1\00.00.00.00\usb_device.c
      USBStdSetCfgHandler   0x001ce6    program     extern I:\VT2\UHT\UHT_3V3D\UHT_USB_V1\00.00.00.00\usb_device.c
               USBSuspend   0x0012b0    program     extern I:\VT2\UHT\UHT_3V3D\UHT_USB_V1\00.00.00.00\usb_device.c
     USBTransferOnePacket   0x001f78    program     extern I:\VT2\UHT\UHT_3V3D\UHT_USB_V1\00.00.00.00\usb_device.c
       USBWakeFromSuspend   0x0012ea    program     extern I:\VT2\UHT\UHT_3V3D\UHT_USB_V1\00.00.00.00\usb_device.c
               USB_CD_Ptr   0x000f28    program     extern I:\VT2\UHT\UHT_3V3D\UHT_USB_V1\00.00.00.00\usb_descriptors.c
               USB_SD_Ptr   0x000f2a    program     extern I:\VT2\UHT\UHT_3V3D\UHT_USB_V1\00.00.00.00\usb_descriptors.c
USER_USB_CALLBACK_EVENT_HANDLER   0x0006c0    program     extern I:\VT2\UHT\UHT_3V3D\UHT_USB_V1\00.00.00.00\main.c
                 UserInit   0x0001ba    program     extern I:\VT2\UHT\UHT_3V3D\UHT_USB_V1\00.00.00.00\main.c
  YourHighPriorityISRCode   0x00002c    program     extern I:\VT2\UHT\UHT_3V3D\UHT_USB_V1\00.00.00.00\main.c
   YourLowPriorityISRCode   0x0000d4    program     extern I:\VT2\UHT\UHT_3V3D\UHT_USB_V1\00.00.00.00\main.c
              _2jContinue   0x002106    program     static E:\c18v3.46\pic18-lt\cxx-framework\src\traditional\stdclib\memset.asm
                   _3jEnd   0x002110    program     static E:\c18v3.46\pic18-lt\cxx-framework\src\traditional\stdclib\memset.asm
                 __FpExit   0x000c7e    program     extern E:\c18v3.46\pic18-lt\cxx-framework\src\traditional\math\packFP.asm
                 __FpPack   0x000caa    program     extern E:\c18v3.46\pic18-lt\cxx-framework\src\traditional\math\packFP.asm
            __FpReturnNaN   0x000c72    program     extern E:\c18v3.46\pic18-lt\cxx-framework\src\traditional\math\packFP.asm
         __FpReturnNegInf   0x000c84    program     extern E:\c18v3.46\pic18-lt\cxx-framework\src\traditional\math\packFP.asm
        __FpReturnNegZero   0x000c9c    program     extern E:\c18v3.46\pic18-lt\cxx-framework\src\traditional\math\packFP.asm
         __FpReturnPosInf   0x000c8a    program     extern E:\c18v3.46\pic18-lt\cxx-framework\src\traditional\math\packFP.asm
        __FpReturnPosZero   0x000ca4    program     extern E:\c18v3.46\pic18-lt\cxx-framework\src\traditional\math\packFP.asm
        __FpReturnSignInf   0x000c80    program     extern E:\c18v3.46\pic18-lt\cxx-framework\src\traditional\math\packFP.asm
       __FpReturnSignZero   0x000c98    program     extern E:\c18v3.46\pic18-lt\cxx-framework\src\traditional\math\packFP.asm
              __FpReturnW   0x000d02    program     extern E:\c18v3.46\pic18-lt\cxx-framework\src\traditional\math\packFP.asm
              __FpUnPackA   0x000d22    program     extern E:\c18v3.46\pic18-lt\cxx-framework\src\traditional\math\UnpackFP.asm
              __FpUnPackB   0x000d52    program     extern E:\c18v3.46\pic18-lt\cxx-framework\src\traditional\math\UnpackFP.asm
       ___case_1_lbl00089   0x000744    program     static                          
      ___case_21_lbl00082   0x000728    program     static                          
      ___case_22_lbl00083   0x00072c    program     static                          
      ___case_23_lbl00084   0x000730    program     static                          
       ___case_2_lbl00085   0x000734    program     static                          
       ___case_3_lbl00087   0x00073c    program     static                          
       ___case_4_lbl00086   0x000738    program     static                          
   ___case_65535_lbl00088   0x000740    program     static                          
      ___default_lbl00090   0x000748    program     static                          
          ___for_lbl00032   0x000ac4    program     static                          
          ___for_lbl00033   0x000ace    program     static                          
          ___for_lbl00034   0x000aaa    program     static                          
       ___return_lbl00000   0x00100c    program     static                          
       ___return_lbl00000   0x000004    program     static                          
       ___return_lbl00001   0x00101c    program     static                          
       ___return_lbl00001   0x002154    program     static                          
       ___return_lbl00002   0x00000c    program     static                          
       ___return_lbl00002   0x000fcc    program     static                          
       ___return_lbl00003   0x00001c    program     static                          
       ___return_lbl00031   0x000afc    program     static                          
       ___return_lbl00080   0x00074e    program     static                          
   ___switchexit_lbl00081   0x00074a    program     static                          
        ___while_lbl00035   0x000ad4    program     static                          
        ___while_lbl00036   0x000ad8    program     static                          
               __config_0   0x007ff8    program     static I:\VT2\UHT\UHT_3V3D\UHT_USB_V1\00.00.00.00\main.c
               __config_1   0x007ff9    program     static I:\VT2\UHT\UHT_3V3D\UHT_USB_V1\00.00.00.00\main.c
               __config_2   0x007ffa    program     static I:\VT2\UHT\UHT_3V3D\UHT_USB_V1\00.00.00.00\main.c
               __config_3   0x007ffb    program     static I:\VT2\UHT\UHT_3V3D\UHT_USB_V1\00.00.00.00\main.c
               __config_4   0x007ffd    program     static I:\VT2\UHT\UHT_3V3D\UHT_USB_V1\00.00.00.00\main.c
                   __init   0x000006    program     extern E:\c18v3.46\pic18-lt\cxx-framework\src\traditional\stdclib\__init.c
               __tmplbl_2   0x0006dc    program     static                          
               __tmplbl_3   0x0006e8    program     static                          
               __tmplbl_4   0x0006f2    program     static                          
               __tmplbl_5   0x0006fc    program     static                          
               __tmplbl_6   0x000706    program     static                          
               __tmplbl_7   0x000710    program     static                          
               __tmplbl_8   0x00071a    program     static                          
               __tmplbl_9   0x000724    program     static                          
            __zero_memory   0x00211a    program     extern E:\c18v3.46\pic18-lt\cxx-framework\src\traditional\proc\p18f85j50.asm
                _do_cinit   0x000f30    program     extern E:\c18v3.46\pic18-lt\cxx-framework\src\traditional\startup\c018i.c
                   _entry   0x000000    program     extern E:\c18v3.46\pic18-lt\cxx-framework\src\traditional\startup\c018i.c
                 _startup   0x00213a    program     extern E:\c18v3.46\pic18-lt\cxx-framework\src\traditional\startup\c018i.c
                compare_l   0x002130    program     static E:\c18v3.46\pic18-lt\cxx-framework\src\traditional\proc\p18f85j50.asm
        configDescriptor1   0x000e7c    program     extern I:\VT2\UHT\UHT_3V3D\UHT_USB_V1\00.00.00.00\usb_descriptors.c
                copy_loop   0x000fa2    program     static                          
            copy_one_byte   0x000fa8    program     static                          
               device_dsc   0x000e6a    program     extern I:\VT2\UHT\UHT_3V3D\UHT_USB_V1\00.00.00.00\usb_descriptors.c
                     done   0x000fcc    program     static                          
             done_copying   0x000fb6    program     static                          
                hid_rpt01   0x000f0b    program     extern I:\VT2\UHT\UHT_3V3D\UHT_USB_V1\00.00.00.00\usb_descriptors.c
                 jANotInf   0x000b58    program     static E:\c18v3.46\pic18-lt\cxx-framework\src\traditional\math\mulFP.asm
              jBothFinite   0x000b66    program     static E:\c18v3.46\pic18-lt\cxx-framework\src\traditional\math\mulFP.asm
             jBothNotZero   0x000b72    program     static E:\c18v3.46\pic18-lt\cxx-framework\src\traditional\math\mulFP.asm
                     jEnd   0x002118    program     static E:\c18v3.46\pic18-lt\cxx-framework\src\traditional\stdclib\memset.asm
                    jExit   0x000c70    program     static E:\c18v3.46\pic18-lt\cxx-framework\src\traditional\math\castFP16.asm
                jHaveZero   0x000b6e    program     static E:\c18v3.46\pic18-lt\cxx-framework\src\traditional\math\mulFP.asm
                jI2F16Beg   0x000b24    program     static E:\c18v3.46\pic18-lt\cxx-framework\src\traditional\math\cast16FP.asm
                    jLoop   0x000c50    program     static E:\c18v3.46\pic18-lt\cxx-framework\src\traditional\math\castFP16.asm
                    jLoop   0x0020fa    program     static E:\c18v3.46\pic18-lt\cxx-framework\src\traditional\stdclib\memset.asm
                jLoopExit   0x000c60    program     static E:\c18v3.46\pic18-lt\cxx-framework\src\traditional\math\castFP16.asm
                     jMax   0x000c24    program     static E:\c18v3.46\pic18-lt\cxx-framework\src\traditional\math\castFP16.asm
                  jMaxNeg   0x000c32    program     static E:\c18v3.46\pic18-lt\cxx-framework\src\traditional\math\castFP16.asm
                  jMaxPos   0x000c28    program     static E:\c18v3.46\pic18-lt\cxx-framework\src\traditional\math\castFP16.asm
                  jNotInf   0x000c40    program     static E:\c18v3.46\pic18-lt\cxx-framework\src\traditional\math\castFP16.asm
                  jPkLoop   0x000cb8    program     static E:\c18v3.46\pic18-lt\cxx-framework\src\traditional\math\packFP.asm
             jPkRoundDone   0x000d02    program     static E:\c18v3.46\pic18-lt\cxx-framework\src\traditional\math\packFP.asm
               jPkRoundIt   0x000cea    program     static E:\c18v3.46\pic18-lt\cxx-framework\src\traditional\math\packFP.asm
             jPkShiftDone   0x000cd4    program     static E:\c18v3.46\pic18-lt\cxx-framework\src\traditional\math\packFP.asm
           jReturnPosInf0   0x000c8e    program     static E:\c18v3.46\pic18-lt\cxx-framework\src\traditional\math\packFP.asm
                  jUnpkA1   0x000d2c    program     static E:\c18v3.46\pic18-lt\cxx-framework\src\traditional\math\UnpackFP.asm
                  jUnpkA2   0x000d44    program     static E:\c18v3.46\pic18-lt\cxx-framework\src\traditional\math\UnpackFP.asm
                 jUnpkANZ   0x000d3a    program     static E:\c18v3.46\pic18-lt\cxx-framework\src\traditional\math\UnpackFP.asm
                  jUnpkB1   0x000d5c    program     static E:\c18v3.46\pic18-lt\cxx-framework\src\traditional\math\UnpackFP.asm
                  jUnpkB2   0x000d74    program     static E:\c18v3.46\pic18-lt\cxx-framework\src\traditional\math\UnpackFP.asm
                 jUnpkBNZ   0x000d6a    program     static E:\c18v3.46\pic18-lt\cxx-framework\src\traditional\math\UnpackFP.asm
                 jUnpkNaN   0x000d4e    program     static E:\c18v3.46\pic18-lt\cxx-framework\src\traditional\math\UnpackFP.asm
                    jZero   0x000c3a    program     static E:\c18v3.46\pic18-lt\cxx-framework\src\traditional\math\castFP16.asm
               jZero1and2   0x000c92    program     static E:\c18v3.46\pic18-lt\cxx-framework\src\traditional\math\packFP.asm
                     loop   0x00214a    program     static                          
                   loop_h   0x002128    program     static E:\c18v3.46\pic18-lt\cxx-framework\src\traditional\proc\p18f85j50.asm
                   loop_l   0x002132    program     static E:\c18v3.46\pic18-lt\cxx-framework\src\traditional\proc\p18f85j50.asm
                     main   0x0000fa    program     extern I:\VT2\UHT\UHT_3V3D\UHT_USB_V1\00.00.00.00\main.c
                   memset   0x0020e6    program     extern E:\c18v3.46\pic18-lt\cxx-framework\src\traditional\stdclib\memset.asm
                    sd000   0x000ea5    program     extern I:\VT2\UHT\UHT_3V3D\UHT_USB_V1\00.00.00.00\usb_descriptors.c
                    sd001   0x000ea9    program     extern I:\VT2\UHT\UHT_3V3D\UHT_USB_V1\00.00.00.00\usb_descriptors.c
                    sd002   0x000edd    program     extern I:\VT2\UHT\UHT_3V3D\UHT_USB_V1\00.00.00.00\usb_descriptors.c
                     test   0x000f4a    program     static                          
               zero_block   0x002128    program     static E:\c18v3.46\pic18-lt\cxx-framework\src\traditional\proc\p18f85j50.asm
                   ADCON0   0x000fc2       data     extern E:\c18v3.46\pic18-lt\cxx-framework\src\traditional\proc\p18f85j50.asm
               ADCON0bits   0x000fc2       data     extern E:\c18v3.46\pic18-lt\cxx-framework\src\traditional\proc\p18f85j50.asm
                   ADCON1   0x000fc1       data     extern E:\c18v3.46\pic18-lt\cxx-framework\src\traditional\proc\p18f85j50.asm
               ADCON1bits   0x000fc1       data     extern E:\c18v3.46\pic18-lt\cxx-framework\src\traditional\proc\p18f85j50.asm
                    ADRES   0x000fc3       data     extern E:\c18v3.46\pic18-lt\cxx-framework\src\traditional\proc\p18f85j50.asm
                   ADRESH   0x000fc4       data     extern E:\c18v3.46\pic18-lt\cxx-framework\src\traditional\proc\p18f85j50.asm
                   ADRESL   0x000fc3       data     extern E:\c18v3.46\pic18-lt\cxx-framework\src\traditional\proc\p18f85j50.asm
                   ANCON0   0x000fc1       data     extern E:\c18v3.46\pic18-lt\cxx-framework\src\traditional\proc\p18f85j50.asm
               ANCON0bits   0x000fc1       data     extern E:\c18v3.46\pic18-lt\cxx-framework\src\traditional\proc\p18f85j50.asm
                   ANCON1   0x000fc2       data     extern E:\c18v3.46\pic18-lt\cxx-framework\src\traditional\proc\p18f85j50.asm
               ANCON1bits   0x000fc2       data     extern E:\c18v3.46\pic18-lt\cxx-framework\src\traditional\proc\p18f85j50.asm
                  BAUDCON   0x000f7e       data     extern E:\c18v3.46\pic18-lt\cxx-framework\src\traditional\proc\p18f85j50.asm
                 BAUDCON1   0x000f7e       data     extern E:\c18v3.46\pic18-lt\cxx-framework\src\traditional\proc\p18f85j50.asm
             BAUDCON1bits   0x000f7e       data     extern E:\c18v3.46\pic18-lt\cxx-framework\src\traditional\proc\p18f85j50.asm
                 BAUDCON2   0x000f7c       data     extern E:\c18v3.46\pic18-lt\cxx-framework\src\traditional\proc\p18f85j50.asm
             BAUDCON2bits   0x000f7c       data     extern E:\c18v3.46\pic18-lt\cxx-framework\src\traditional\proc\p18f85j50.asm
              BAUDCONbits   0x000f7e       data     extern E:\c18v3.46\pic18-lt\cxx-framework\src\traditional\proc\p18f85j50.asm
                      BDT   0x000400       data     extern I:\VT2\UHT\UHT_3V3D\UHT_USB_V1\00.00.00.00\usb_device.c
                      BSR   0x000fe0       data     extern E:\c18v3.46\pic18-lt\cxx-framework\src\traditional\proc\p18f85j50.asm
                  CCP1CON   0x000fbb       data     extern E:\c18v3.46\pic18-lt\cxx-framework\src\traditional\proc\p18f85j50.asm
              CCP1CONbits   0x000fbb       data     extern E:\c18v3.46\pic18-lt\cxx-framework\src\traditional\proc\p18f85j50.asm
                  CCP2CON   0x000fb6       data     extern E:\c18v3.46\pic18-lt\cxx-framework\src\traditional\proc\p18f85j50.asm
              CCP2CONbits   0x000fb6       data     extern E:\c18v3.46\pic18-lt\cxx-framework\src\traditional\proc\p18f85j50.asm
                  CCP3CON   0x000fb1       data     extern E:\c18v3.46\pic18-lt\cxx-framework\src\traditional\proc\p18f85j50.asm
              CCP3CONbits   0x000fb1       data     extern E:\c18v3.46\pic18-lt\cxx-framework\src\traditional\proc\p18f85j50.asm
                  CCP4CON   0x000f73       data     extern E:\c18v3.46\pic18-lt\cxx-framework\src\traditional\proc\p18f85j50.asm
              CCP4CONbits   0x000f73       data     extern E:\c18v3.46\pic18-lt\cxx-framework\src\traditional\proc\p18f85j50.asm
                  CCP5CON   0x000f70       data     extern E:\c18v3.46\pic18-lt\cxx-framework\src\traditional\proc\p18f85j50.asm
              CCP5CONbits   0x000f70       data     extern E:\c18v3.46\pic18-lt\cxx-framework\src\traditional\proc\p18f85j50.asm
                    CCPR1   0x000fbc       data     extern E:\c18v3.46\pic18-lt\cxx-framework\src\traditional\proc\p18f85j50.asm
                   CCPR1H   0x000fbd       data     extern E:\c18v3.46\pic18-lt\cxx-framework\src\traditional\proc\p18f85j50.asm
                   CCPR1L   0x000fbc       data     extern E:\c18v3.46\pic18-lt\cxx-framework\src\traditional\proc\p18f85j50.asm
                    CCPR2   0x000fb7       data     extern E:\c18v3.46\pic18-lt\cxx-framework\src\traditional\proc\p18f85j50.asm
                   CCPR2H   0x000fb8       data     extern E:\c18v3.46\pic18-lt\cxx-framework\src\traditional\proc\p18f85j50.asm
                   CCPR2L   0x000fb7       data     extern E:\c18v3.46\pic18-lt\cxx-framework\src\traditional\proc\p18f85j50.asm
                    CCPR3   0x000fb2       data     extern E:\c18v3.46\pic18-lt\cxx-framework\src\traditional\proc\p18f85j50.asm
                   CCPR3H   0x000fb3       data     extern E:\c18v3.46\pic18-lt\cxx-framework\src\traditional\proc\p18f85j50.asm
                   CCPR3L   0x000fb2       data     extern E:\c18v3.46\pic18-lt\cxx-framework\src\traditional\proc\p18f85j50.asm
                    CCPR4   0x000f74       data     extern E:\c18v3.46\pic18-lt\cxx-framework\src\traditional\proc\p18f85j50.asm
                   CCPR4H   0x000f75       data     extern E:\c18v3.46\pic18-lt\cxx-framework\src\traditional\proc\p18f85j50.asm
                   CCPR4L   0x000f74       data     extern E:\c18v3.46\pic18-lt\cxx-framework\src\traditional\proc\p18f85j50.asm
                    CCPR5   0x000f71       data     extern E:\c18v3.46\pic18-lt\cxx-framework\src\traditional\proc\p18f85j50.asm
                   CCPR5H   0x000f72       data     extern E:\c18v3.46\pic18-lt\cxx-framework\src\traditional\proc\p18f85j50.asm
                   CCPR5L   0x000f71       data     extern E:\c18v3.46\pic18-lt\cxx-framework\src\traditional\proc\p18f85j50.asm
                   CM1CON   0x000fd2       data     extern E:\c18v3.46\pic18-lt\cxx-framework\src\traditional\proc\p18f85j50.asm
                  CM1CON1   0x000fd2       data     extern E:\c18v3.46\pic18-lt\cxx-framework\src\traditional\proc\p18f85j50.asm
              CM1CON1bits   0x000fd2       data     extern E:\c18v3.46\pic18-lt\cxx-framework\src\traditional\proc\p18f85j50.asm
               CM1CONbits   0x000fd2       data     extern E:\c18v3.46\pic18-lt\cxx-framework\src\traditional\proc\p18f85j50.asm
                   CM2CON   0x000fd1       data     extern E:\c18v3.46\pic18-lt\cxx-framework\src\traditional\proc\p18f85j50.asm
                  CM2CON1   0x000fd1       data     extern E:\c18v3.46\pic18-lt\cxx-framework\src\traditional\proc\p18f85j50.asm
              CM2CON1bits   0x000fd1       data     extern E:\c18v3.46\pic18-lt\cxx-framework\src\traditional\proc\p18f85j50.asm
               CM2CONbits   0x000fd1       data     extern E:\c18v3.46\pic18-lt\cxx-framework\src\traditional\proc\p18f85j50.asm
                   CMSTAT   0x000f6a       data     extern E:\c18v3.46\pic18-lt\cxx-framework\src\traditional\proc\p18f85j50.asm
                 CMSTATUS   0x000f6a       data     extern E:\c18v3.46\pic18-lt\cxx-framework\src\traditional\proc\p18f85j50.asm
             CMSTATUSbits   0x000f6a       data     extern E:\c18v3.46\pic18-lt\cxx-framework\src\traditional\proc\p18f85j50.asm
               CMSTATbits   0x000f6a       data     extern E:\c18v3.46\pic18-lt\cxx-framework\src\traditional\proc\p18f85j50.asm
                   CVRCON   0x000f77       data     extern E:\c18v3.46\pic18-lt\cxx-framework\src\traditional\proc\p18f85j50.asm
               CVRCONbits   0x000f77       data     extern E:\c18v3.46\pic18-lt\cxx-framework\src\traditional\proc\p18f85j50.asm
              CtrlTrfData   0x000428       data     extern I:\VT2\UHT\UHT_3V3D\UHT_USB_V1\00.00.00.00\usb_device.c
                     DDRA   0x000f92       data     extern E:\c18v3.46\pic18-lt\cxx-framework\src\traditional\proc\p18f85j50.asm
                 DDRAbits   0x000f92       data     extern E:\c18v3.46\pic18-lt\cxx-framework\src\traditional\proc\p18f85j50.asm
                     DDRB   0x000f93       data     extern E:\c18v3.46\pic18-lt\cxx-framework\src\traditional\proc\p18f85j50.asm
                 DDRBbits   0x000f93       data     extern E:\c18v3.46\pic18-lt\cxx-framework\src\traditional\proc\p18f85j50.asm
                     DDRC   0x000f94       data     extern E:\c18v3.46\pic18-lt\cxx-framework\src\traditional\proc\p18f85j50.asm
                 DDRCbits   0x000f94       data     extern E:\c18v3.46\pic18-lt\cxx-framework\src\traditional\proc\p18f85j50.asm
                     DDRD   0x000f95       data     extern E:\c18v3.46\pic18-lt\cxx-framework\src\traditional\proc\p18f85j50.asm
                 DDRDbits   0x000f95       data     extern E:\c18v3.46\pic18-lt\cxx-framework\src\traditional\proc\p18f85j50.asm
                     DDRE   0x000f96       data     extern E:\c18v3.46\pic18-lt\cxx-framework\src\traditional\proc\p18f85j50.asm
                 DDREbits   0x000f96       data     extern E:\c18v3.46\pic18-lt\cxx-framework\src\traditional\proc\p18f85j50.asm
                     DDRF   0x000f97       data     extern E:\c18v3.46\pic18-lt\cxx-framework\src\traditional\proc\p18f85j50.asm
                 DDRFbits   0x000f97       data     extern E:\c18v3.46\pic18-lt\cxx-framework\src\traditional\proc\p18f85j50.asm
                     DDRG   0x000f98       data     extern E:\c18v3.46\pic18-lt\cxx-framework\src\traditional\proc\p18f85j50.asm
                 DDRGbits   0x000f98       data     extern E:\c18v3.46\pic18-lt\cxx-framework\src\traditional\proc\p18f85j50.asm
                     DDRH   0x000f99       data     extern E:\c18v3.46\pic18-lt\cxx-framework\src\traditional\proc\p18f85j50.asm
                 DDRHbits   0x000f99       data     extern E:\c18v3.46\pic18-lt\cxx-framework\src\traditional\proc\p18f85j50.asm
                     DDRJ   0x000f9a       data     extern E:\c18v3.46\pic18-lt\cxx-framework\src\traditional\proc\p18f85j50.asm
                 DDRJbits   0x000f9a       data     extern E:\c18v3.46\pic18-lt\cxx-framework\src\traditional\proc\p18f85j50.asm
                  ECCP1AS   0x000fbf       data     extern E:\c18v3.46\pic18-lt\cxx-framework\src\traditional\proc\p18f85j50.asm
              ECCP1ASbits   0x000fbf       data     extern E:\c18v3.46\pic18-lt\cxx-framework\src\traditional\proc\p18f85j50.asm
                 ECCP1CON   0x000fbb       data     extern E:\c18v3.46\pic18-lt\cxx-framework\src\traditional\proc\p18f85j50.asm
             ECCP1CONbits   0x000fbb       data     extern E:\c18v3.46\pic18-lt\cxx-framework\src\traditional\proc\p18f85j50.asm
                 ECCP1DEL   0x000fbe       data     extern E:\c18v3.46\pic18-lt\cxx-framework\src\traditional\proc\p18f85j50.asm
             ECCP1DELbits   0x000fbe       data     extern E:\c18v3.46\pic18-lt\cxx-framework\src\traditional\proc\p18f85j50.asm
                  ECCP2AS   0x000fba       data     extern E:\c18v3.46\pic18-lt\cxx-framework\src\traditional\proc\p18f85j50.asm
              ECCP2ASbits   0x000fba       data     extern E:\c18v3.46\pic18-lt\cxx-framework\src\traditional\proc\p18f85j50.asm
                 ECCP2CON   0x000fb6       data     extern E:\c18v3.46\pic18-lt\cxx-framework\src\traditional\proc\p18f85j50.asm
             ECCP2CONbits   0x000fb6       data     extern E:\c18v3.46\pic18-lt\cxx-framework\src\traditional\proc\p18f85j50.asm
                 ECCP2DEL   0x000fb9       data     extern E:\c18v3.46\pic18-lt\cxx-framework\src\traditional\proc\p18f85j50.asm
             ECCP2DELbits   0x000fb9       data     extern E:\c18v3.46\pic18-lt\cxx-framework\src\traditional\proc\p18f85j50.asm
                  ECCP3AS   0x000fb5       data     extern E:\c18v3.46\pic18-lt\cxx-framework\src\traditional\proc\p18f85j50.asm
              ECCP3ASbits   0x000fb5       data     extern E:\c18v3.46\pic18-lt\cxx-framework\src\traditional\proc\p18f85j50.asm
                 ECCP3CON   0x000fb1       data     extern E:\c18v3.46\pic18-lt\cxx-framework\src\traditional\proc\p18f85j50.asm
             ECCP3CONbits   0x000fb1       data     extern E:\c18v3.46\pic18-lt\cxx-framework\src\traditional\proc\p18f85j50.asm
                 ECCP3DEL   0x000fb4       data     extern E:\c18v3.46\pic18-lt\cxx-framework\src\traditional\proc\p18f85j50.asm
             ECCP3DELbits   0x000fb4       data     extern E:\c18v3.46\pic18-lt\cxx-framework\src\traditional\proc\p18f85j50.asm
                   EECON1   0x000fa6       data     extern E:\c18v3.46\pic18-lt\cxx-framework\src\traditional\proc\p18f85j50.asm
               EECON1bits   0x000fa6       data     extern E:\c18v3.46\pic18-lt\cxx-framework\src\traditional\proc\p18f85j50.asm
                   EECON2   0x000fa7       data     extern E:\c18v3.46\pic18-lt\cxx-framework\src\traditional\proc\p18f85j50.asm
                     FSR0   0x000fe9       data     extern E:\c18v3.46\pic18-lt\cxx-framework\src\traditional\proc\p18f85j50.asm
                    FSR0H   0x000fea       data     extern E:\c18v3.46\pic18-lt\cxx-framework\src\traditional\proc\p18f85j50.asm
                    FSR0L   0x000fe9       data     extern E:\c18v3.46\pic18-lt\cxx-framework\src\traditional\proc\p18f85j50.asm
                     FSR1   0x000fe1       data     extern E:\c18v3.46\pic18-lt\cxx-framework\src\traditional\proc\p18f85j50.asm
                    FSR1H   0x000fe2       data     extern E:\c18v3.46\pic18-lt\cxx-framework\src\traditional\proc\p18f85j50.asm
                    FSR1L   0x000fe1       data     extern E:\c18v3.46\pic18-lt\cxx-framework\src\traditional\proc\p18f85j50.asm
                     FSR2   0x000fd9       data     extern E:\c18v3.46\pic18-lt\cxx-framework\src\traditional\proc\p18f85j50.asm
                    FSR2H   0x000fda       data     extern E:\c18v3.46\pic18-lt\cxx-framework\src\traditional\proc\p18f85j50.asm
                    FSR2L   0x000fd9       data     extern E:\c18v3.46\pic18-lt\cxx-framework\src\traditional\proc\p18f85j50.asm
                    INDF0   0x000fef       data     extern E:\c18v3.46\pic18-lt\cxx-framework\src\traditional\proc\p18f85j50.asm
                    INDF1   0x000fe7       data     extern E:\c18v3.46\pic18-lt\cxx-framework\src\traditional\proc\p18f85j50.asm
                    INDF2   0x000fdf       data     extern E:\c18v3.46\pic18-lt\cxx-framework\src\traditional\proc\p18f85j50.asm
                   INTCON   0x000ff2       data     extern E:\c18v3.46\pic18-lt\cxx-framework\src\traditional\proc\p18f85j50.asm
                  INTCON2   0x000ff1       data     extern E:\c18v3.46\pic18-lt\cxx-framework\src\traditional\proc\p18f85j50.asm
              INTCON2bits   0x000ff1       data     extern E:\c18v3.46\pic18-lt\cxx-framework\src\traditional\proc\p18f85j50.asm
                  INTCON3   0x000ff0       data     extern E:\c18v3.46\pic18-lt\cxx-framework\src\traditional\proc\p18f85j50.asm
              INTCON3bits   0x000ff0       data     extern E:\c18v3.46\pic18-lt\cxx-framework\src\traditional\proc\p18f85j50.asm
               INTCONbits   0x000ff2       data     extern E:\c18v3.46\pic18-lt\cxx-framework\src\traditional\proc\p18f85j50.asm
                     IPR1   0x000f9f       data     extern E:\c18v3.46\pic18-lt\cxx-framework\src\traditional\proc\p18f85j50.asm
                 IPR1bits   0x000f9f       data     extern E:\c18v3.46\pic18-lt\cxx-framework\src\traditional\proc\p18f85j50.asm
                     IPR2   0x000fa2       data     extern E:\c18v3.46\pic18-lt\cxx-framework\src\traditional\proc\p18f85j50.asm
                 IPR2bits   0x000fa2       data     extern E:\c18v3.46\pic18-lt\cxx-framework\src\traditional\proc\p18f85j50.asm
                     IPR3   0x000fa5       data     extern E:\c18v3.46\pic18-lt\cxx-framework\src\traditional\proc\p18f85j50.asm
                 IPR3bits   0x000fa5       data     extern E:\c18v3.46\pic18-lt\cxx-framework\src\traditional\proc\p18f85j50.asm
                     LATA   0x000f89       data     extern E:\c18v3.46\pic18-lt\cxx-framework\src\traditional\proc\p18f85j50.asm
                 LATAbits   0x000f89       data     extern E:\c18v3.46\pic18-lt\cxx-framework\src\traditional\proc\p18f85j50.asm
                     LATB   0x000f8a       data     extern E:\c18v3.46\pic18-lt\cxx-framework\src\traditional\proc\p18f85j50.asm
                 LATBbits   0x000f8a       data     extern E:\c18v3.46\pic18-lt\cxx-framework\src\traditional\proc\p18f85j50.asm
                     LATC   0x000f8b       data     extern E:\c18v3.46\pic18-lt\cxx-framework\src\traditional\proc\p18f85j50.asm
                 LATCbits   0x000f8b       data     extern E:\c18v3.46\pic18-lt\cxx-framework\src\traditional\proc\p18f85j50.asm
                     LATD   0x000f8c       data     extern E:\c18v3.46\pic18-lt\cxx-framework\src\traditional\proc\p18f85j50.asm
                 LATDbits   0x000f8c       data     extern E:\c18v3.46\pic18-lt\cxx-framework\src\traditional\proc\p18f85j50.asm
                     LATE   0x000f8d       data     extern E:\c18v3.46\pic18-lt\cxx-framework\src\traditional\proc\p18f85j50.asm
                 LATEbits   0x000f8d       data     extern E:\c18v3.46\pic18-lt\cxx-framework\src\traditional\proc\p18f85j50.asm
                     LATF   0x000f8e       data     extern E:\c18v3.46\pic18-lt\cxx-framework\src\traditional\proc\p18f85j50.asm
                 LATFbits   0x000f8e       data     extern E:\c18v3.46\pic18-lt\cxx-framework\src\traditional\proc\p18f85j50.asm
                     LATG   0x000f8f       data     extern E:\c18v3.46\pic18-lt\cxx-framework\src\traditional\proc\p18f85j50.asm
                 LATGbits   0x000f8f       data     extern E:\c18v3.46\pic18-lt\cxx-framework\src\traditional\proc\p18f85j50.asm
                     LATH   0x000f90       data     extern E:\c18v3.46\pic18-lt\cxx-framework\src\traditional\proc\p18f85j50.asm
                 LATHbits   0x000f90       data     extern E:\c18v3.46\pic18-lt\cxx-framework\src\traditional\proc\p18f85j50.asm
                     LATJ   0x000f91       data     extern E:\c18v3.46\pic18-lt\cxx-framework\src\traditional\proc\p18f85j50.asm
                 LATJbits   0x000f91       data     extern E:\c18v3.46\pic18-lt\cxx-framework\src\traditional\proc\p18f85j50.asm
                   MEMCON   0x000fcb       data     extern E:\c18v3.46\pic18-lt\cxx-framework\src\traditional\proc\p18f85j50.asm
               MEMCONbits   0x000fcb       data     extern E:\c18v3.46\pic18-lt\cxx-framework\src\traditional\proc\p18f85j50.asm
                   ODCON1   0x000fcf       data     extern E:\c18v3.46\pic18-lt\cxx-framework\src\traditional\proc\p18f85j50.asm
               ODCON1bits   0x000fcf       data     extern E:\c18v3.46\pic18-lt\cxx-framework\src\traditional\proc\p18f85j50.asm
                   ODCON2   0x000fce       data     extern E:\c18v3.46\pic18-lt\cxx-framework\src\traditional\proc\p18f85j50.asm
               ODCON2bits   0x000fce       data     extern E:\c18v3.46\pic18-lt\cxx-framework\src\traditional\proc\p18f85j50.asm
                   ODCON3   0x000fcd       data     extern E:\c18v3.46\pic18-lt\cxx-framework\src\traditional\proc\p18f85j50.asm
               ODCON3bits   0x000fcd       data     extern E:\c18v3.46\pic18-lt\cxx-framework\src\traditional\proc\p18f85j50.asm
                   OSCCON   0x000fd3       data     extern E:\c18v3.46\pic18-lt\cxx-framework\src\traditional\proc\p18f85j50.asm
               OSCCONbits   0x000fd3       data     extern E:\c18v3.46\pic18-lt\cxx-framework\src\traditional\proc\p18f85j50.asm
                  OSCTUNE   0x000f9b       data     extern E:\c18v3.46\pic18-lt\cxx-framework\src\traditional\proc\p18f85j50.asm
              OSCTUNEbits   0x000f9b       data     extern E:\c18v3.46\pic18-lt\cxx-framework\src\traditional\proc\p18f85j50.asm
                  PADCFG1   0x000fcc       data     extern E:\c18v3.46\pic18-lt\cxx-framework\src\traditional\proc\p18f85j50.asm
              PADCFG1bits   0x000fcc       data     extern E:\c18v3.46\pic18-lt\cxx-framework\src\traditional\proc\p18f85j50.asm
                       PC   0x000ff9       data     extern E:\c18v3.46\pic18-lt\cxx-framework\src\traditional\proc\p18f85j50.asm
                      PCL   0x000ff9       data     extern E:\c18v3.46\pic18-lt\cxx-framework\src\traditional\proc\p18f85j50.asm
                   PCLATH   0x000ffa       data     extern E:\c18v3.46\pic18-lt\cxx-framework\src\traditional\proc\p18f85j50.asm
                   PCLATU   0x000ffb       data     extern E:\c18v3.46\pic18-lt\cxx-framework\src\traditional\proc\p18f85j50.asm
                     PIE1   0x000f9d       data     extern E:\c18v3.46\pic18-lt\cxx-framework\src\traditional\proc\p18f85j50.asm
                 PIE1bits   0x000f9d       data     extern E:\c18v3.46\pic18-lt\cxx-framework\src\traditional\proc\p18f85j50.asm
                     PIE2   0x000fa0       data     extern E:\c18v3.46\pic18-lt\cxx-framework\src\traditional\proc\p18f85j50.asm
                 PIE2bits   0x000fa0       data     extern E:\c18v3.46\pic18-lt\cxx-framework\src\traditional\proc\p18f85j50.asm
                     PIE3   0x000fa3       data     extern E:\c18v3.46\pic18-lt\cxx-framework\src\traditional\proc\p18f85j50.asm
                 PIE3bits   0x000fa3       data     extern E:\c18v3.46\pic18-lt\cxx-framework\src\traditional\proc\p18f85j50.asm
                     PIR1   0x000f9e       data     extern E:\c18v3.46\pic18-lt\cxx-framework\src\traditional\proc\p18f85j50.asm
                 PIR1bits   0x000f9e       data     extern E:\c18v3.46\pic18-lt\cxx-framework\src\traditional\proc\p18f85j50.asm
                     PIR2   0x000fa1       data     extern E:\c18v3.46\pic18-lt\cxx-framework\src\traditional\proc\p18f85j50.asm
                 PIR2bits   0x000fa1       data     extern E:\c18v3.46\pic18-lt\cxx-framework\src\traditional\proc\p18f85j50.asm
                     PIR3   0x000fa4       data     extern E:\c18v3.46\pic18-lt\cxx-framework\src\traditional\proc\p18f85j50.asm
                 PIR3bits   0x000fa4       data     extern E:\c18v3.46\pic18-lt\cxx-framework\src\traditional\proc\p18f85j50.asm
                   PLUSW0   0x000feb       data     extern E:\c18v3.46\pic18-lt\cxx-framework\src\traditional\proc\p18f85j50.asm
                   PLUSW1   0x000fe3       data     extern E:\c18v3.46\pic18-lt\cxx-framework\src\traditional\proc\p18f85j50.asm
                   PLUSW2   0x000fdb       data     extern E:\c18v3.46\pic18-lt\cxx-framework\src\traditional\proc\p18f85j50.asm
                   PMADDR   0x000f68       data     extern E:\c18v3.46\pic18-lt\cxx-framework\src\traditional\proc\p18f85j50.asm
                  PMADDRH   0x000f69       data     extern E:\c18v3.46\pic18-lt\cxx-framework\src\traditional\proc\p18f85j50.asm
              PMADDRHbits   0x000f69       data     extern E:\c18v3.46\pic18-lt\cxx-framework\src\traditional\proc\p18f85j50.asm
                  PMADDRL   0x000f68       data     extern E:\c18v3.46\pic18-lt\cxx-framework\src\traditional\proc\p18f85j50.asm
                    PMCON   0x000f4a       data     extern E:\c18v3.46\pic18-lt\cxx-framework\src\traditional\proc\p18f85j50.asm
                   PMCONH   0x000f4b       data     extern E:\c18v3.46\pic18-lt\cxx-framework\src\traditional\proc\p18f85j50.asm
               PMCONHbits   0x000f4b       data     extern E:\c18v3.46\pic18-lt\cxx-framework\src\traditional\proc\p18f85j50.asm
                   PMCONL   0x000f4a       data     extern E:\c18v3.46\pic18-lt\cxx-framework\src\traditional\proc\p18f85j50.asm
               PMCONLbits   0x000f4a       data     extern E:\c18v3.46\pic18-lt\cxx-framework\src\traditional\proc\p18f85j50.asm
                   PMDIN1   0x000f66       data     extern E:\c18v3.46\pic18-lt\cxx-framework\src\traditional\proc\p18f85j50.asm
                  PMDIN1H   0x000f67       data     extern E:\c18v3.46\pic18-lt\cxx-framework\src\traditional\proc\p18f85j50.asm
                  PMDIN1L   0x000f66       data     extern E:\c18v3.46\pic18-lt\cxx-framework\src\traditional\proc\p18f85j50.asm
                   PMDIN2   0x000f44       data     extern E:\c18v3.46\pic18-lt\cxx-framework\src\traditional\proc\p18f85j50.asm
                  PMDIN2H   0x000f45       data     extern E:\c18v3.46\pic18-lt\cxx-framework\src\traditional\proc\p18f85j50.asm
                  PMDIN2L   0x000f44       data     extern E:\c18v3.46\pic18-lt\cxx-framework\src\traditional\proc\p18f85j50.asm
                  PMDOUT1   0x000f68       data     extern E:\c18v3.46\pic18-lt\cxx-framework\src\traditional\proc\p18f85j50.asm
                 PMDOUT1H   0x000f69       data     extern E:\c18v3.46\pic18-lt\cxx-framework\src\traditional\proc\p18f85j50.asm
                 PMDOUT1L   0x000f68       data     extern E:\c18v3.46\pic18-lt\cxx-framework\src\traditional\proc\p18f85j50.asm
                  PMDOUT2   0x000f46       data     extern E:\c18v3.46\pic18-lt\cxx-framework\src\traditional\proc\p18f85j50.asm
                 PMDOUT2H   0x000f47       data     extern E:\c18v3.46\pic18-lt\cxx-framework\src\traditional\proc\p18f85j50.asm
                 PMDOUT2L   0x000f46       data     extern E:\c18v3.46\pic18-lt\cxx-framework\src\traditional\proc\p18f85j50.asm
                     PMEH   0x000f43       data     extern E:\c18v3.46\pic18-lt\cxx-framework\src\traditional\proc\p18f85j50.asm
                 PMEHbits   0x000f43       data     extern E:\c18v3.46\pic18-lt\cxx-framework\src\traditional\proc\p18f85j50.asm
                     PMEL   0x000f42       data     extern E:\c18v3.46\pic18-lt\cxx-framework\src\traditional\proc\p18f85j50.asm
                 PMELbits   0x000f42       data     extern E:\c18v3.46\pic18-lt\cxx-framework\src\traditional\proc\p18f85j50.asm
                     PMEN   0x000f42       data     extern E:\c18v3.46\pic18-lt\cxx-framework\src\traditional\proc\p18f85j50.asm
                   PMMODE   0x000f48       data     extern E:\c18v3.46\pic18-lt\cxx-framework\src\traditional\proc\p18f85j50.asm
                  PMMODEH   0x000f49       data     extern E:\c18v3.46\pic18-lt\cxx-framework\src\traditional\proc\p18f85j50.asm
              PMMODEHbits   0x000f49       data     extern E:\c18v3.46\pic18-lt\cxx-framework\src\traditional\proc\p18f85j50.asm
                  PMMODEL   0x000f48       data     extern E:\c18v3.46\pic18-lt\cxx-framework\src\traditional\proc\p18f85j50.asm
              PMMODELbits   0x000f48       data     extern E:\c18v3.46\pic18-lt\cxx-framework\src\traditional\proc\p18f85j50.asm
                   PMSTAT   0x000f40       data     extern E:\c18v3.46\pic18-lt\cxx-framework\src\traditional\proc\p18f85j50.asm
                  PMSTATH   0x000f41       data     extern E:\c18v3.46\pic18-lt\cxx-framework\src\traditional\proc\p18f85j50.asm
              PMSTATHbits   0x000f41       data     extern E:\c18v3.46\pic18-lt\cxx-framework\src\traditional\proc\p18f85j50.asm
                  PMSTATL   0x000f40       data     extern E:\c18v3.46\pic18-lt\cxx-framework\src\traditional\proc\p18f85j50.asm
              PMSTATLbits   0x000f40       data     extern E:\c18v3.46\pic18-lt\cxx-framework\src\traditional\proc\p18f85j50.asm
                    PORTA   0x000f80       data     extern E:\c18v3.46\pic18-lt\cxx-framework\src\traditional\proc\p18f85j50.asm
                PORTAbits   0x000f80       data     extern E:\c18v3.46\pic18-lt\cxx-framework\src\traditional\proc\p18f85j50.asm
                    PORTB   0x000f81       data     extern E:\c18v3.46\pic18-lt\cxx-framework\src\traditional\proc\p18f85j50.asm
                PORTBbits   0x000f81       data     extern E:\c18v3.46\pic18-lt\cxx-framework\src\traditional\proc\p18f85j50.asm
                    PORTC   0x000f82       data     extern E:\c18v3.46\pic18-lt\cxx-framework\src\traditional\proc\p18f85j50.asm
                PORTCbits   0x000f82       data     extern E:\c18v3.46\pic18-lt\cxx-framework\src\traditional\proc\p18f85j50.asm
                    PORTD   0x000f83       data     extern E:\c18v3.46\pic18-lt\cxx-framework\src\traditional\proc\p18f85j50.asm
                PORTDbits   0x000f83       data     extern E:\c18v3.46\pic18-lt\cxx-framework\src\traditional\proc\p18f85j50.asm
                    PORTE   0x000f84       data     extern E:\c18v3.46\pic18-lt\cxx-framework\src\traditional\proc\p18f85j50.asm
                PORTEbits   0x000f84       data     extern E:\c18v3.46\pic18-lt\cxx-framework\src\traditional\proc\p18f85j50.asm
                    PORTF   0x000f85       data     extern E:\c18v3.46\pic18-lt\cxx-framework\src\traditional\proc\p18f85j50.asm
                PORTFbits   0x000f85       data     extern E:\c18v3.46\pic18-lt\cxx-framework\src\traditional\proc\p18f85j50.asm
                    PORTG   0x000f86       data     extern E:\c18v3.46\pic18-lt\cxx-framework\src\traditional\proc\p18f85j50.asm
                PORTGbits   0x000f86       data     extern E:\c18v3.46\pic18-lt\cxx-framework\src\traditional\proc\p18f85j50.asm
                    PORTH   0x000f87       data     extern E:\c18v3.46\pic18-lt\cxx-framework\src\traditional\proc\p18f85j50.asm
                PORTHbits   0x000f87       data     extern E:\c18v3.46\pic18-lt\cxx-framework\src\traditional\proc\p18f85j50.asm
                    PORTJ   0x000f88       data     extern E:\c18v3.46\pic18-lt\cxx-framework\src\traditional\proc\p18f85j50.asm
                PORTJbits   0x000f88       data     extern E:\c18v3.46\pic18-lt\cxx-framework\src\traditional\proc\p18f85j50.asm
                 POSTDEC0   0x000fed       data     extern E:\c18v3.46\pic18-lt\cxx-framework\src\traditional\proc\p18f85j50.asm
                 POSTDEC1   0x000fe5       data     extern E:\c18v3.46\pic18-lt\cxx-framework\src\traditional\proc\p18f85j50.asm
                 POSTDEC2   0x000fdd       data     extern E:\c18v3.46\pic18-lt\cxx-framework\src\traditional\proc\p18f85j50.asm
                 POSTINC0   0x000fee       data     extern E:\c18v3.46\pic18-lt\cxx-framework\src\traditional\proc\p18f85j50.asm
                 POSTINC1   0x000fe6       data     extern E:\c18v3.46\pic18-lt\cxx-framework\src\traditional\proc\p18f85j50.asm
                 POSTINC2   0x000fde       data     extern E:\c18v3.46\pic18-lt\cxx-framework\src\traditional\proc\p18f85j50.asm
                      PR2   0x000fcb       data     extern E:\c18v3.46\pic18-lt\cxx-framework\src\traditional\proc\p18f85j50.asm
                      PR4   0x000f77       data     extern E:\c18v3.46\pic18-lt\cxx-framework\src\traditional\proc\p18f85j50.asm
                  PREINC0   0x000fec       data     extern E:\c18v3.46\pic18-lt\cxx-framework\src\traditional\proc\p18f85j50.asm
                  PREINC1   0x000fe4       data     extern E:\c18v3.46\pic18-lt\cxx-framework\src\traditional\proc\p18f85j50.asm
                  PREINC2   0x000fdc       data     extern E:\c18v3.46\pic18-lt\cxx-framework\src\traditional\proc\p18f85j50.asm
                     PROD   0x000ff3       data     extern E:\c18v3.46\pic18-lt\cxx-framework\src\traditional\proc\p18f85j50.asm
                    PRODH   0x000ff4       data     extern E:\c18v3.46\pic18-lt\cxx-framework\src\traditional\proc\p18f85j50.asm
                    PRODL   0x000ff3       data     extern E:\c18v3.46\pic18-lt\cxx-framework\src\traditional\proc\p18f85j50.asm
                     RCON   0x000fd0       data     extern E:\c18v3.46\pic18-lt\cxx-framework\src\traditional\proc\p18f85j50.asm
                 RCONbits   0x000fd0       data     extern E:\c18v3.46\pic18-lt\cxx-framework\src\traditional\proc\p18f85j50.asm
                    RCREG   0x000faf       data     extern E:\c18v3.46\pic18-lt\cxx-framework\src\traditional\proc\p18f85j50.asm
                   RCREG1   0x000faf       data     extern E:\c18v3.46\pic18-lt\cxx-framework\src\traditional\proc\p18f85j50.asm
                   RCREG2   0x000faa       data     extern E:\c18v3.46\pic18-lt\cxx-framework\src\traditional\proc\p18f85j50.asm
                    RCSTA   0x000fac       data     extern E:\c18v3.46\pic18-lt\cxx-framework\src\traditional\proc\p18f85j50.asm
                   RCSTA1   0x000fac       data     extern E:\c18v3.46\pic18-lt\cxx-framework\src\traditional\proc\p18f85j50.asm
               RCSTA1bits   0x000fac       data     extern E:\c18v3.46\pic18-lt\cxx-framework\src\traditional\proc\p18f85j50.asm
                   RCSTA2   0x000f9c       data     extern E:\c18v3.46\pic18-lt\cxx-framework\src\traditional\proc\p18f85j50.asm
               RCSTA2bits   0x000f9c       data     extern E:\c18v3.46\pic18-lt\cxx-framework\src\traditional\proc\p18f85j50.asm
                RCSTAbits   0x000fac       data     extern E:\c18v3.46\pic18-lt\cxx-framework\src\traditional\proc\p18f85j50.asm
                  REFOCON   0x000fd3       data     extern E:\c18v3.46\pic18-lt\cxx-framework\src\traditional\proc\p18f85j50.asm
              REFOCONbits   0x000fd3       data     extern E:\c18v3.46\pic18-lt\cxx-framework\src\traditional\proc\p18f85j50.asm
       ReceivedDataBuffer   0x000060       data     extern I:\VT2\UHT\UHT_3V3D\UHT_USB_V1\00.00.00.00\main.c
             RemoteWakeup   0x000f1f       data     extern I:\VT2\UHT\UHT_3V3D\UHT_USB_V1\00.00.00.00\usb_device.c
                     SIGN   0x00000e       data     extern E:\c18v3.46\pic18-lt\cxx-framework\src\traditional\math\cmath18.asm
                    SPBRG   0x000fb0       data     extern E:\c18v3.46\pic18-lt\cxx-framework\src\traditional\proc\p18f85j50.asm
                   SPBRG1   0x000fb0       data     extern E:\c18v3.46\pic18-lt\cxx-framework\src\traditional\proc\p18f85j50.asm
                   SPBRG2   0x000fab       data     extern E:\c18v3.46\pic18-lt\cxx-framework\src\traditional\proc\p18f85j50.asm
                   SPBRGH   0x000f7f       data     extern E:\c18v3.46\pic18-lt\cxx-framework\src\traditional\proc\p18f85j50.asm
                  SPBRGH1   0x000f7f       data     extern E:\c18v3.46\pic18-lt\cxx-framework\src\traditional\proc\p18f85j50.asm
                  SPBRGH2   0x000f7d       data     extern E:\c18v3.46\pic18-lt\cxx-framework\src\traditional\proc\p18f85j50.asm
                  SSP1ADD   0x000fc8       data     extern E:\c18v3.46\pic18-lt\cxx-framework\src\traditional\proc\p18f85j50.asm
                  SSP1BUF   0x000fc9       data     extern E:\c18v3.46\pic18-lt\cxx-framework\src\traditional\proc\p18f85j50.asm
                 SSP1CON1   0x000fc6       data     extern E:\c18v3.46\pic18-lt\cxx-framework\src\traditional\proc\p18f85j50.asm
             SSP1CON1bits   0x000fc6       data     extern E:\c18v3.46\pic18-lt\cxx-framework\src\traditional\proc\p18f85j50.asm
                 SSP1CON2   0x000fc5       data     extern E:\c18v3.46\pic18-lt\cxx-framework\src\traditional\proc\p18f85j50.asm
             SSP1CON2bits   0x000fc5       data     extern E:\c18v3.46\pic18-lt\cxx-framework\src\traditional\proc\p18f85j50.asm
                  SSP1MSK   0x000fc8       data     extern E:\c18v3.46\pic18-lt\cxx-framework\src\traditional\proc\p18f85j50.asm
              SSP1MSKbits   0x000fc8       data     extern E:\c18v3.46\pic18-lt\cxx-framework\src\traditional\proc\p18f85j50.asm
                 SSP1STAT   0x000fc7       data     extern E:\c18v3.46\pic18-lt\cxx-framework\src\traditional\proc\p18f85j50.asm
             SSP1STATbits   0x000fc7       data     extern E:\c18v3.46\pic18-lt\cxx-framework\src\traditional\proc\p18f85j50.asm
                  SSP2ADD   0x000f6e       data     extern E:\c18v3.46\pic18-lt\cxx-framework\src\traditional\proc\p18f85j50.asm
                  SSP2BUF   0x000f6f       data     extern E:\c18v3.46\pic18-lt\cxx-framework\src\traditional\proc\p18f85j50.asm
                 SSP2CON1   0x000f6c       data     extern E:\c18v3.46\pic18-lt\cxx-framework\src\traditional\proc\p18f85j50.asm
             SSP2CON1bits   0x000f6c       data     extern E:\c18v3.46\pic18-lt\cxx-framework\src\traditional\proc\p18f85j50.asm
                 SSP2CON2   0x000f6b       data     extern E:\c18v3.46\pic18-lt\cxx-framework\src\traditional\proc\p18f85j50.asm
             SSP2CON2bits   0x000f6b       data     extern E:\c18v3.46\pic18-lt\cxx-framework\src\traditional\proc\p18f85j50.asm
                  SSP2MSK   0x000f6e       data     extern E:\c18v3.46\pic18-lt\cxx-framework\src\traditional\proc\p18f85j50.asm
              SSP2MSKbits   0x000f6e       data     extern E:\c18v3.46\pic18-lt\cxx-framework\src\traditional\proc\p18f85j50.asm
                 SSP2STAT   0x000f6d       data     extern E:\c18v3.46\pic18-lt\cxx-framework\src\traditional\proc\p18f85j50.asm
             SSP2STATbits   0x000f6d       data     extern E:\c18v3.46\pic18-lt\cxx-framework\src\traditional\proc\p18f85j50.asm
                   SSPADD   0x000fc8       data     extern E:\c18v3.46\pic18-lt\cxx-framework\src\traditional\proc\p18f85j50.asm
                   SSPBUF   0x000fc9       data     extern E:\c18v3.46\pic18-lt\cxx-framework\src\traditional\proc\p18f85j50.asm
                  SSPCON1   0x000fc6       data     extern E:\c18v3.46\pic18-lt\cxx-framework\src\traditional\proc\p18f85j50.asm
              SSPCON1bits   0x000fc6       data     extern E:\c18v3.46\pic18-lt\cxx-framework\src\traditional\proc\p18f85j50.asm
                  SSPCON2   0x000fc5       data     extern E:\c18v3.46\pic18-lt\cxx-framework\src\traditional\proc\p18f85j50.asm
              SSPCON2bits   0x000fc5       data     extern E:\c18v3.46\pic18-lt\cxx-framework\src\traditional\proc\p18f85j50.asm
                  SSPSTAT   0x000fc7       data     extern E:\c18v3.46\pic18-lt\cxx-framework\src\traditional\proc\p18f85j50.asm
              SSPSTATbits   0x000fc7       data     extern E:\c18v3.46\pic18-lt\cxx-framework\src\traditional\proc\p18f85j50.asm
                   STATUS   0x000fd8       data     extern E:\c18v3.46\pic18-lt\cxx-framework\src\traditional\proc\p18f85j50.asm
               STATUSbits   0x000fd8       data     extern E:\c18v3.46\pic18-lt\cxx-framework\src\traditional\proc\p18f85j50.asm
                   STKPTR   0x000ffc       data     extern E:\c18v3.46\pic18-lt\cxx-framework\src\traditional\proc\p18f85j50.asm
               STKPTRbits   0x000ffc       data     extern E:\c18v3.46\pic18-lt\cxx-framework\src\traditional\proc\p18f85j50.asm
                 SetupPkt   0x000420       data     extern I:\VT2\UHT\UHT_3V3D\UHT_USB_V1\00.00.00.00\usb_device.c
                    T0CON   0x000fd5       data     extern E:\c18v3.46\pic18-lt\cxx-framework\src\traditional\proc\p18f85j50.asm
                T0CONbits   0x000fd5       data     extern E:\c18v3.46\pic18-lt\cxx-framework\src\traditional\proc\p18f85j50.asm
                    T1CON   0x000fcd       data     extern E:\c18v3.46\pic18-lt\cxx-framework\src\traditional\proc\p18f85j50.asm
                T1CONbits   0x000fcd       data     extern E:\c18v3.46\pic18-lt\cxx-framework\src\traditional\proc\p18f85j50.asm
                    T2CON   0x000fca       data     extern E:\c18v3.46\pic18-lt\cxx-framework\src\traditional\proc\p18f85j50.asm
                T2CONbits   0x000fca       data     extern E:\c18v3.46\pic18-lt\cxx-framework\src\traditional\proc\p18f85j50.asm
                    T3CON   0x000f79       data     extern E:\c18v3.46\pic18-lt\cxx-framework\src\traditional\proc\p18f85j50.asm
                T3CONbits   0x000f79       data     extern E:\c18v3.46\pic18-lt\cxx-framework\src\traditional\proc\p18f85j50.asm
                    T4CON   0x000f76       data     extern E:\c18v3.46\pic18-lt\cxx-framework\src\traditional\proc\p18f85j50.asm
                T4CONbits   0x000f76       data     extern E:\c18v3.46\pic18-lt\cxx-framework\src\traditional\proc\p18f85j50.asm
                   TABLAT   0x000ff5       data     extern E:\c18v3.46\pic18-lt\cxx-framework\src\traditional\proc\p18f85j50.asm
                   TBLPTR   0x000ff6       data     extern E:\c18v3.46\pic18-lt\cxx-framework\src\traditional\proc\p18f85j50.asm
                  TBLPTRH   0x000ff7       data     extern E:\c18v3.46\pic18-lt\cxx-framework\src\traditional\proc\p18f85j50.asm
                  TBLPTRL   0x000ff6       data     extern E:\c18v3.46\pic18-lt\cxx-framework\src\traditional\proc\p18f85j50.asm
                  TBLPTRU   0x000ff8       data     extern E:\c18v3.46\pic18-lt\cxx-framework\src\traditional\proc\p18f85j50.asm
                    TMR0H   0x000fd7       data     extern E:\c18v3.46\pic18-lt\cxx-framework\src\traditional\proc\p18f85j50.asm
                    TMR0L   0x000fd6       data     extern E:\c18v3.46\pic18-lt\cxx-framework\src\traditional\proc\p18f85j50.asm
                    TMR1H   0x000fcf       data     extern E:\c18v3.46\pic18-lt\cxx-framework\src\traditional\proc\p18f85j50.asm
                    TMR1L   0x000fce       data     extern E:\c18v3.46\pic18-lt\cxx-framework\src\traditional\proc\p18f85j50.asm
                     TMR2   0x000fcc       data     extern E:\c18v3.46\pic18-lt\cxx-framework\src\traditional\proc\p18f85j50.asm
                    TMR3H   0x000f7b       data     extern E:\c18v3.46\pic18-lt\cxx-framework\src\traditional\proc\p18f85j50.asm
                    TMR3L   0x000f7a       data     extern E:\c18v3.46\pic18-lt\cxx-framework\src\traditional\proc\p18f85j50.asm
                     TMR4   0x000f78       data     extern E:\c18v3.46\pic18-lt\cxx-framework\src\traditional\proc\p18f85j50.asm
                      TOS   0x000ffd       data     extern E:\c18v3.46\pic18-lt\cxx-framework\src\traditional\proc\p18f85j50.asm
                     TOSH   0x000ffe       data     extern E:\c18v3.46\pic18-lt\cxx-framework\src\traditional\proc\p18f85j50.asm
                     TOSL   0x000ffd       data     extern E:\c18v3.46\pic18-lt\cxx-framework\src\traditional\proc\p18f85j50.asm
                     TOSU   0x000fff       data     extern E:\c18v3.46\pic18-lt\cxx-framework\src\traditional\proc\p18f85j50.asm
                    TRISA   0x000f92       data     extern E:\c18v3.46\pic18-lt\cxx-framework\src\traditional\proc\p18f85j50.asm
                TRISAbits   0x000f92       data     extern E:\c18v3.46\pic18-lt\cxx-framework\src\traditional\proc\p18f85j50.asm
                    TRISB   0x000f93       data     extern E:\c18v3.46\pic18-lt\cxx-framework\src\traditional\proc\p18f85j50.asm
                TRISBbits   0x000f93       data     extern E:\c18v3.46\pic18-lt\cxx-framework\src\traditional\proc\p18f85j50.asm
                    TRISC   0x000f94       data     extern E:\c18v3.46\pic18-lt\cxx-framework\src\traditional\proc\p18f85j50.asm
                TRISCbits   0x000f94       data     extern E:\c18v3.46\pic18-lt\cxx-framework\src\traditional\proc\p18f85j50.asm
                    TRISD   0x000f95       data     extern E:\c18v3.46\pic18-lt\cxx-framework\src\traditional\proc\p18f85j50.asm
                TRISDbits   0x000f95       data     extern E:\c18v3.46\pic18-lt\cxx-framework\src\traditional\proc\p18f85j50.asm
                    TRISE   0x000f96       data     extern E:\c18v3.46\pic18-lt\cxx-framework\src\traditional\proc\p18f85j50.asm
                TRISEbits   0x000f96       data     extern E:\c18v3.46\pic18-lt\cxx-framework\src\traditional\proc\p18f85j50.asm
                    TRISF   0x000f97       data     extern E:\c18v3.46\pic18-lt\cxx-framework\src\traditional\proc\p18f85j50.asm
                TRISFbits   0x000f97       data     extern E:\c18v3.46\pic18-lt\cxx-framework\src\traditional\proc\p18f85j50.asm
                    TRISG   0x000f98       data     extern E:\c18v3.46\pic18-lt\cxx-framework\src\traditional\proc\p18f85j50.asm
                TRISGbits   0x000f98       data     extern E:\c18v3.46\pic18-lt\cxx-framework\src\traditional\proc\p18f85j50.asm
                    TRISH   0x000f99       data     extern E:\c18v3.46\pic18-lt\cxx-framework\src\traditional\proc\p18f85j50.asm
                TRISHbits   0x000f99       data     extern E:\c18v3.46\pic18-lt\cxx-framework\src\traditional\proc\p18f85j50.asm
                    TRISJ   0x000f9a       data     extern E:\c18v3.46\pic18-lt\cxx-framework\src\traditional\proc\p18f85j50.asm
                TRISJbits   0x000f9a       data     extern E:\c18v3.46\pic18-lt\cxx-framework\src\traditional\proc\p18f85j50.asm
                    TXREG   0x000fae       data     extern E:\c18v3.46\pic18-lt\cxx-framework\src\traditional\proc\p18f85j50.asm
                   TXREG1   0x000fae       data     extern E:\c18v3.46\pic18-lt\cxx-framework\src\traditional\proc\p18f85j50.asm
                   TXREG2   0x000fa9       data     extern E:\c18v3.46\pic18-lt\cxx-framework\src\traditional\proc\p18f85j50.asm
                    TXSTA   0x000fad       data     extern E:\c18v3.46\pic18-lt\cxx-framework\src\traditional\proc\p18f85j50.asm
                   TXSTA1   0x000fad       data     extern E:\c18v3.46\pic18-lt\cxx-framework\src\traditional\proc\p18f85j50.asm
               TXSTA1bits   0x000fad       data     extern E:\c18v3.46\pic18-lt\cxx-framework\src\traditional\proc\p18f85j50.asm
                   TXSTA2   0x000fa8       data     extern E:\c18v3.46\pic18-lt\cxx-framework\src\traditional\proc\p18f85j50.asm
               TXSTA2bits   0x000fa8       data     extern E:\c18v3.46\pic18-lt\cxx-framework\src\traditional\proc\p18f85j50.asm
                TXSTAbits   0x000fad       data     extern E:\c18v3.46\pic18-lt\cxx-framework\src\traditional\proc\p18f85j50.asm
         ToSendDataBuffer   0x0000a0       data     extern I:\VT2\UHT\UHT_3V3D\UHT_USB_V1\00.00.00.00\main.c
                    UADDR   0x000f5e       data     extern E:\c18v3.46\pic18-lt\cxx-framework\src\traditional\proc\p18f85j50.asm
                UADDRbits   0x000f5e       data     extern E:\c18v3.46\pic18-lt\cxx-framework\src\traditional\proc\p18f85j50.asm
                     UCFG   0x000f5f       data     extern E:\c18v3.46\pic18-lt\cxx-framework\src\traditional\proc\p18f85j50.asm
                 UCFGbits   0x000f5f       data     extern E:\c18v3.46\pic18-lt\cxx-framework\src\traditional\proc\p18f85j50.asm
                     UCON   0x000f65       data     extern E:\c18v3.46\pic18-lt\cxx-framework\src\traditional\proc\p18f85j50.asm
                 UCONbits   0x000f65       data     extern E:\c18v3.46\pic18-lt\cxx-framework\src\traditional\proc\p18f85j50.asm
                     UEIE   0x000f5d       data     extern E:\c18v3.46\pic18-lt\cxx-framework\src\traditional\proc\p18f85j50.asm
                 UEIEbits   0x000f5d       data     extern E:\c18v3.46\pic18-lt\cxx-framework\src\traditional\proc\p18f85j50.asm
                     UEIR   0x000f63       data     extern E:\c18v3.46\pic18-lt\cxx-framework\src\traditional\proc\p18f85j50.asm
                 UEIRbits   0x000f63       data     extern E:\c18v3.46\pic18-lt\cxx-framework\src\traditional\proc\p18f85j50.asm
                     UEP0   0x000f4c       data     extern E:\c18v3.46\pic18-lt\cxx-framework\src\traditional\proc\p18f85j50.asm
                 UEP0bits   0x000f4c       data     extern E:\c18v3.46\pic18-lt\cxx-framework\src\traditional\proc\p18f85j50.asm
                     UEP1   0x000f4d       data     extern E:\c18v3.46\pic18-lt\cxx-framework\src\traditional\proc\p18f85j50.asm
                    UEP10   0x000f56       data     extern E:\c18v3.46\pic18-lt\cxx-framework\src\traditional\proc\p18f85j50.asm
                UEP10bits   0x000f56       data     extern E:\c18v3.46\pic18-lt\cxx-framework\src\traditional\proc\p18f85j50.asm
                    UEP11   0x000f57       data     extern E:\c18v3.46\pic18-lt\cxx-framework\src\traditional\proc\p18f85j50.asm
                UEP11bits   0x000f57       data     extern E:\c18v3.46\pic18-lt\cxx-framework\src\traditional\proc\p18f85j50.asm
                    UEP12   0x000f58       data     extern E:\c18v3.46\pic18-lt\cxx-framework\src\traditional\proc\p18f85j50.asm
                UEP12bits   0x000f58       data     extern E:\c18v3.46\pic18-lt\cxx-framework\src\traditional\proc\p18f85j50.asm
                    UEP13   0x000f59       data     extern E:\c18v3.46\pic18-lt\cxx-framework\src\traditional\proc\p18f85j50.asm
                UEP13bits   0x000f59       data     extern E:\c18v3.46\pic18-lt\cxx-framework\src\traditional\proc\p18f85j50.asm
                    UEP14   0x000f5a       data     extern E:\c18v3.46\pic18-lt\cxx-framework\src\traditional\proc\p18f85j50.asm
                UEP14bits   0x000f5a       data     extern E:\c18v3.46\pic18-lt\cxx-framework\src\traditional\proc\p18f85j50.asm
                    UEP15   0x000f5b       data     extern E:\c18v3.46\pic18-lt\cxx-framework\src\traditional\proc\p18f85j50.asm
                UEP15bits   0x000f5b       data     extern E:\c18v3.46\pic18-lt\cxx-framework\src\traditional\proc\p18f85j50.asm
                 UEP1bits   0x000f4d       data     extern E:\c18v3.46\pic18-lt\cxx-framework\src\traditional\proc\p18f85j50.asm
                     UEP2   0x000f4e       data     extern E:\c18v3.46\pic18-lt\cxx-framework\src\traditional\proc\p18f85j50.asm
                 UEP2bits   0x000f4e       data     extern E:\c18v3.46\pic18-lt\cxx-framework\src\traditional\proc\p18f85j50.asm
                     UEP3   0x000f4f       data     extern E:\c18v3.46\pic18-lt\cxx-framework\src\traditional\proc\p18f85j50.asm
                 UEP3bits   0x000f4f       data     extern E:\c18v3.46\pic18-lt\cxx-framework\src\traditional\proc\p18f85j50.asm
                     UEP4   0x000f50       data     extern E:\c18v3.46\pic18-lt\cxx-framework\src\traditional\proc\p18f85j50.asm
                 UEP4bits   0x000f50       data     extern E:\c18v3.46\pic18-lt\cxx-framework\src\traditional\proc\p18f85j50.asm
                     UEP5   0x000f51       data     extern E:\c18v3.46\pic18-lt\cxx-framework\src\traditional\proc\p18f85j50.asm
                 UEP5bits   0x000f51       data     extern E:\c18v3.46\pic18-lt\cxx-framework\src\traditional\proc\p18f85j50.asm
                     UEP6   0x000f52       data     extern E:\c18v3.46\pic18-lt\cxx-framework\src\traditional\proc\p18f85j50.asm
                 UEP6bits   0x000f52       data     extern E:\c18v3.46\pic18-lt\cxx-framework\src\traditional\proc\p18f85j50.asm
                     UEP7   0x000f53       data     extern E:\c18v3.46\pic18-lt\cxx-framework\src\traditional\proc\p18f85j50.asm
                 UEP7bits   0x000f53       data     extern E:\c18v3.46\pic18-lt\cxx-framework\src\traditional\proc\p18f85j50.asm
                     UEP8   0x000f54       data     extern E:\c18v3.46\pic18-lt\cxx-framework\src\traditional\proc\p18f85j50.asm
                 UEP8bits   0x000f54       data     extern E:\c18v3.46\pic18-lt\cxx-framework\src\traditional\proc\p18f85j50.asm
                     UEP9   0x000f55       data     extern E:\c18v3.46\pic18-lt\cxx-framework\src\traditional\proc\p18f85j50.asm
                 UEP9bits   0x000f55       data     extern E:\c18v3.46\pic18-lt\cxx-framework\src\traditional\proc\p18f85j50.asm
                     UFRM   0x000f60       data     extern E:\c18v3.46\pic18-lt\cxx-framework\src\traditional\proc\p18f85j50.asm
                    UFRMH   0x000f61       data     extern E:\c18v3.46\pic18-lt\cxx-framework\src\traditional\proc\p18f85j50.asm
                UFRMHbits   0x000f61       data     extern E:\c18v3.46\pic18-lt\cxx-framework\src\traditional\proc\p18f85j50.asm
                    UFRML   0x000f60       data     extern E:\c18v3.46\pic18-lt\cxx-framework\src\traditional\proc\p18f85j50.asm
                UFRMLbits   0x000f60       data     extern E:\c18v3.46\pic18-lt\cxx-framework\src\traditional\proc\p18f85j50.asm
                      UIE   0x000f5c       data     extern E:\c18v3.46\pic18-lt\cxx-framework\src\traditional\proc\p18f85j50.asm
                  UIEbits   0x000f5c       data     extern E:\c18v3.46\pic18-lt\cxx-framework\src\traditional\proc\p18f85j50.asm
                      UIR   0x000f62       data     extern E:\c18v3.46\pic18-lt\cxx-framework\src\traditional\proc\p18f85j50.asm
                  UIRbits   0x000f62       data     extern E:\c18v3.46\pic18-lt\cxx-framework\src\traditional\proc\p18f85j50.asm
   USBActiveConfiguration   0x000f01       data     extern I:\VT2\UHT\UHT_3V3D\UHT_USB_V1\00.00.00.00\usb_device.c
    USBAlternateInterface   0x000f02       data     extern I:\VT2\UHT\UHT_3V3D\UHT_USB_V1\00.00.00.00\usb_device.c
           USBDeviceState   0x000f00       data     extern I:\VT2\UHT\UHT_3V3D\UHT_USB_V1\00.00.00.00\usb_device.c
                USBInData   0x000f23       data     extern I:\VT2\UHT\UHT_3V3D\UHT_USB_V1\00.00.00.00\usb_device.c
              USBInHandle   0x0000fb       data     extern I:\VT2\UHT\UHT_3V3D\UHT_USB_V1\00.00.00.00\main.c
       USBInMaxPacketSize   0x000f21       data     extern I:\VT2\UHT\UHT_3V3D\UHT_USB_V1\00.00.00.00\usb_device.c
             USBOutHandle   0x0000f9       data     extern I:\VT2\UHT\UHT_3V3D\UHT_USB_V1\00.00.00.00\main.c
                    USTAT   0x000f64       data     extern E:\c18v3.46\pic18-lt\cxx-framework\src\traditional\proc\p18f85j50.asm
                USTATbits   0x000f64       data     extern E:\c18v3.46\pic18-lt\cxx-framework\src\traditional\proc\p18f85j50.asm
                USTATcopy   0x000f20       data     extern I:\VT2\UHT\UHT_3V3D\UHT_USB_V1\00.00.00.00\usb_device.c
                   WDTCON   0x000fc0       data     extern E:\c18v3.46\pic18-lt\cxx-framework\src\traditional\proc\p18f85j50.asm
               WDTCONbits   0x000fc0       data     extern E:\c18v3.46\pic18-lt\cxx-framework\src\traditional\proc\p18f85j50.asm
                     WREG   0x000fe8       data     extern E:\c18v3.46\pic18-lt\cxx-framework\src\traditional\proc\p18f85j50.asm
                 __AARGB0   0x000007       data     extern E:\c18v3.46\pic18-lt\cxx-framework\src\traditional\math\aarg.asm
                 __AARGB1   0x000006       data     extern E:\c18v3.46\pic18-lt\cxx-framework\src\traditional\math\aarg.asm
                 __AARGB2   0x000005       data     extern E:\c18v3.46\pic18-lt\cxx-framework\src\traditional\math\aarg.asm
                 __AARGB3   0x000004       data     extern E:\c18v3.46\pic18-lt\cxx-framework\src\traditional\math\aarg.asm
                 __AARGB4   0x000003       data     extern E:\c18v3.46\pic18-lt\cxx-framework\src\traditional\math\aarg.asm
                 __AARGB5   0x000002       data     extern E:\c18v3.46\pic18-lt\cxx-framework\src\traditional\math\aarg.asm
                 __AARGB6   0x000001       data     extern E:\c18v3.46\pic18-lt\cxx-framework\src\traditional\math\aarg.asm
                 __AARGB7   0x000000       data     extern E:\c18v3.46\pic18-lt\cxx-framework\src\traditional\math\aarg.asm
                   __AEXP   0x000008       data     extern E:\c18v3.46\pic18-lt\cxx-framework\src\traditional\math\aarg.asm
                 __BARGB0   0x00000c       data     extern E:\c18v3.46\pic18-lt\cxx-framework\src\traditional\math\barg.asm
                 __BARGB1   0x00000b       data     extern E:\c18v3.46\pic18-lt\cxx-framework\src\traditional\math\barg.asm
                 __BARGB2   0x00000a       data     extern E:\c18v3.46\pic18-lt\cxx-framework\src\traditional\math\barg.asm
                 __BARGB3   0x000009       data     extern E:\c18v3.46\pic18-lt\cxx-framework\src\traditional\math\barg.asm
                   __BEXP   0x00000d       data     extern E:\c18v3.46\pic18-lt\cxx-framework\src\traditional\math\barg.asm
                __FPFLAGS   0x00000f       data     extern E:\c18v3.46\pic18-lt\cxx-framework\src\traditional\math\cmath18.asm
            __FPFLAGSbits   0x00000f       data     extern E:\c18v3.46\pic18-lt\cxx-framework\src\traditional\math\cmath18.asm
                  __REMB0   0x000003       data     extern E:\c18v3.46\pic18-lt\cxx-framework\src\traditional\math\aarg.asm
[...]
                   RCREG1   0x000faf       data     extern E:\c18v3.46\pic18-lt\cxx-framework\src\traditional\proc\p18f85j50.asm
                    SPBRG   0x000fb0       data     extern E:\c18v3.46\pic18-lt\cxx-framework\src\traditional\proc\p18f85j50.asm
                   SPBRG1   0x000fb0       data     extern E:\c18v3.46\pic18-lt\cxx-framework\src\traditional\proc\p18f85j50.asm
                 ECCP3CON   0x000fb1       data     extern E:\c18v3.46\pic18-lt\cxx-framework\src\traditional\proc\p18f85j50.asm
             ECCP3CONbits   0x000fb1       data     extern E:\c18v3.46\pic18-lt\cxx-framework\src\traditional\proc\p18f85j50.asm
              CCP3CONbits   0x000fb1       data     extern E:\c18v3.46\pic18-lt\cxx-framework\src\traditional\proc\p18f85j50.asm
                  CCP3CON   0x000fb1       data     extern E:\c18v3.46\pic18-lt\cxx-framework\src\traditional\proc\p18f85j50.asm
                   CCPR3L   0x000fb2       data     extern E:\c18v3.46\pic18-lt\cxx-framework\src\traditional\proc\p18f85j50.asm
                    CCPR3   0x000fb2       data     extern E:\c18v3.46\pic18-lt\cxx-framework\src\traditional\proc\p18f85j50.asm
                   CCPR3H   0x000fb3       data     extern E:\c18v3.46\pic18-lt\cxx-framework\src\traditional\proc\p18f85j50.asm
                 ECCP3DEL   0x000fb4       data     extern E:\c18v3.46\pic18-lt\cxx-framework\src\traditional\proc\p18f85j50.asm
             ECCP3DELbits   0x000fb4       data     extern E:\c18v3.46\pic18-lt\cxx-framework\src\traditional\proc\p18f85j50.asm
                  ECCP3AS   0x000fb5       data     extern E:\c18v3.46\pic18-lt\cxx-framework\src\traditional\proc\p18f85j50.asm
              ECCP3ASbits   0x000fb5       data     extern E:\c18v3.46\pic18-lt\cxx-framework\src\traditional\proc\p18f85j50.asm
              CCP2CONbits   0x000fb6       data     extern E:\c18v3.46\pic18-lt\cxx-framework\src\traditional\proc\p18f85j50.asm
                  CCP2CON   0x000fb6       data     extern E:\c18v3.46\pic18-lt\cxx-framework\src\traditional\proc\p18f85j50.asm
             ECCP2CONbits   0x000fb6       data     extern E:\c18v3.46\pic18-lt\cxx-framework\src\traditional\proc\p18f85j50.asm
                 ECCP2CON   0x000fb6       data     extern E:\c18v3.46\pic18-lt\cxx-framework\src\traditional\proc\p18f85j50.asm
                   CCPR2L   0x000fb7       data     extern E:\c18v3.46\pic18-lt\cxx-framework\src\traditional\proc\p18f85j50.asm
                    CCPR2   0x000fb7       data     extern E:\c18v3.46\pic18-lt\cxx-framework\src\traditional\proc\p18f85j50.asm
                   CCPR2H   0x000fb8       data     extern E:\c18v3.46\pic18-lt\cxx-framework\src\traditional\proc\p18f85j50.asm
             ECCP2DELbits   0x000fb9       data     extern E:\c18v3.46\pic18-lt\cxx-framework\src\traditional\proc\p18f85j50.asm
                 ECCP2DEL   0x000fb9       data     extern E:\c18v3.46\pic18-lt\cxx-framework\src\traditional\proc\p18f85j50.asm
              ECCP2ASbits   0x000fba       data     extern E:\c18v3.46\pic18-lt\cxx-framework\src\traditional\proc\p18f85j50.asm
                  ECCP2AS   0x000fba       data     extern E:\c18v3.46\pic18-lt\cxx-framework\src\traditional\proc\p18f85j50.asm
                  CCP1CON   0x000fbb       data     extern E:\c18v3.46\pic18-lt\cxx-framework\src\traditional\proc\p18f85j50.asm
              CCP1CONbits   0x000fbb       data     extern E:\c18v3.46\pic18-lt\cxx-framework\src\traditional\proc\p18f85j50.asm
             ECCP1CONbits   0x000fbb       data     extern E:\c18v3.46\pic18-lt\cxx-framework\src\traditional\proc\p18f85j50.asm
                 ECCP1CON   0x000fbb       data     extern E:\c18v3.46\pic18-lt\cxx-framework\src\traditional\proc\p18f85j50.asm
                    CCPR1   0x000fbc       data     extern E:\c18v3.46\pic18-lt\cxx-framework\src\traditional\proc\p18f85j50.asm
                   CCPR1L   0x000fbc       data     extern E:\c18v3.46\pic18-lt\cxx-framework\src\traditional\proc\p18f85j50.asm
                   CCPR1H   0x000fbd       data     extern E:\c18v3.46\pic18-lt\cxx-framework\src\traditional\proc\p18f85j50.asm
                 ECCP1DEL   0x000fbe       data     extern E:\c18v3.46\pic18-lt\cxx-framework\src\traditional\proc\p18f85j50.asm
             ECCP1DELbits   0x000fbe       data     extern E:\c18v3.46\pic18-lt\cxx-framework\src\traditional\proc\p18f85j50.asm
                  ECCP1AS   0x000fbf       data     extern E:\c18v3.46\pic18-lt\cxx-framework\src\traditional\proc\p18f85j50.asm
              ECCP1ASbits   0x000fbf       data     extern E:\c18v3.46\pic18-lt\cxx-framework\src\traditional\proc\p18f85j50.asm
                   WDTCON   0x000fc0       data     extern E:\c18v3.46\pic18-lt\cxx-framework\src\traditional\proc\p18f85j50.asm
               WDTCONbits   0x000fc0       data     extern E:\c18v3.46\pic18-lt\cxx-framework\src\traditional\proc\p18f85j50.asm
               ANCON0bits   0x000fc1       data     extern E:\c18v3.46\pic18-lt\cxx-framework\src\traditional\proc\p18f85j50.asm
                   ANCON0   0x000fc1       data     extern E:\c18v3.46\pic18-lt\cxx-framework\src\traditional\proc\p18f85j50.asm
               ADCON1bits   0x000fc1       data     extern E:\c18v3.46\pic18-lt\cxx-framework\src\traditional\proc\p18f85j50.asm
                   ADCON1   0x000fc1       data     extern E:\c18v3.46\pic18-lt\cxx-framework\src\traditional\proc\p18f85j50.asm
                   ADCON0   0x000fc2       data     extern E:\c18v3.46\pic18-lt\cxx-framework\src\traditional\proc\p18f85j50.asm
               ADCON0bits   0x000fc2       data     extern E:\c18v3.46\pic18-lt\cxx-framework\src\traditional\proc\p18f85j50.asm
               ANCON1bits   0x000fc2       data     extern E:\c18v3.46\pic18-lt\cxx-framework\src\traditional\proc\p18f85j50.asm
                   ANCON1   0x000fc2       data     extern E:\c18v3.46\pic18-lt\cxx-framework\src\traditional\proc\p18f85j50.asm
                    ADRES   0x000fc3       data     extern E:\c18v3.46\pic18-lt\cxx-framework\src\traditional\proc\p18f85j50.asm
                   ADRESL   0x000fc3       data     extern E:\c18v3.46\pic18-lt\cxx-framework\src\traditional\proc\p18f85j50.asm
                   ADRESH   0x000fc4       data     extern E:\c18v3.46\pic18-lt\cxx-framework\src\traditional\proc\p18f85j50.asm
                 SSP1CON2   0x000fc5       data     extern E:\c18v3.46\pic18-lt\cxx-framework\src\traditional\proc\p18f85j50.asm
             SSP1CON2bits   0x000fc5       data     extern E:\c18v3.46\pic18-lt\cxx-framework\src\traditional\proc\p18f85j50.asm
                  SSPCON2   0x000fc5       data     extern E:\c18v3.46\pic18-lt\cxx-framework\src\traditional\proc\p18f85j50.asm
              SSPCON2bits   0x000fc5       data     extern E:\c18v3.46\pic18-lt\cxx-framework\src\traditional\proc\p18f85j50.asm
              SSPCON1bits   0x000fc6       data     extern E:\c18v3.46\pic18-lt\cxx-framework\src\traditional\proc\p18f85j50.asm
                  SSPCON1   0x000fc6       data     extern E:\c18v3.46\pic18-lt\cxx-framework\src\traditional\proc\p18f85j50.asm
                 SSP1CON1   0x000fc6       data     extern E:\c18v3.46\pic18-lt\cxx-framework\src\traditional\proc\p18f85j50.asm
             SSP1CON1bits   0x000fc6       data     extern E:\c18v3.46\pic18-lt\cxx-framework\src\traditional\proc\p18f85j50.asm
                  SSPSTAT   0x000fc7       data     extern E:\c18v3.46\pic18-lt\cxx-framework\src\traditional\proc\p18f85j50.asm
              SSPSTATbits   0x000fc7       data     extern E:\c18v3.46\pic18-lt\cxx-framework\src\traditional\proc\p18f85j50.asm
             SSP1STATbits   0x000fc7       data     extern E:\c18v3.46\pic18-lt\cxx-framework\src\traditional\proc\p18f85j50.asm
                 SSP1STAT   0x000fc7       data     extern E:\c18v3.46\pic18-lt\cxx-framework\src\traditional\proc\p18f85j50.asm
                   SSPADD   0x000fc8       data     extern E:\c18v3.46\pic18-lt\cxx-framework\src\traditional\proc\p18f85j50.asm
              SSP1MSKbits   0x000fc8       data     extern E:\c18v3.46\pic18-lt\cxx-framework\src\traditional\proc\p18f85j50.asm
                  SSP1MSK   0x000fc8       data     extern E:\c18v3.46\pic18-lt\cxx-framework\src\traditional\proc\p18f85j50.asm
                  SSP1ADD   0x000fc8       data     extern E:\c18v3.46\pic18-lt\cxx-framework\src\traditional\proc\p18f85j50.asm
                   SSPBUF   0x000fc9       data     extern E:\c18v3.46\pic18-lt\cxx-framework\src\traditional\proc\p18f85j50.asm
                  SSP1BUF   0x000fc9       data     extern E:\c18v3.46\pic18-lt\cxx-framework\src\traditional\proc\p18f85j50.asm
                    T2CON   0x000fca       data     extern E:\c18v3.46\pic18-lt\cxx-framework\src\traditional\proc\p18f85j50.asm
                T2CONbits   0x000fca       data     extern E:\c18v3.46\pic18-lt\cxx-framework\src\traditional\proc\p18f85j50.asm
                      PR2   0x000fcb       data     extern E:\c18v3.46\pic18-lt\cxx-framework\src\traditional\proc\p18f85j50.asm
               MEMCONbits   0x000fcb       data     extern E:\c18v3.46\pic18-lt\cxx-framework\src\traditional\proc\p18f85j50.asm
                   MEMCON   0x000fcb       data     extern E:\c18v3.46\pic18-lt\cxx-framework\src\traditional\proc\p18f85j50.asm
              PADCFG1bits   0x000fcc       data     extern E:\c18v3.46\pic18-lt\cxx-framework\src\traditional\proc\p18f85j50.asm
                  PADCFG1   0x000fcc       data     extern E:\c18v3.46\pic18-lt\cxx-framework\src\traditional\proc\p18f85j50.asm
                     TMR2   0x000fcc       data     extern E:\c18v3.46\pic18-lt\cxx-framework\src\traditional\proc\p18f85j50.asm
                   ODCON3   0x000fcd       data     extern E:\c18v3.46\pic18-lt\cxx-framework\src\traditional\proc\p18f85j50.asm
               ODCON3bits   0x000fcd       data     extern E:\c18v3.46\pic18-lt\cxx-framework\src\traditional\proc\p18f85j50.asm
                    T1CON   0x000fcd       data     extern E:\c18v3.46\pic18-lt\cxx-framework\src\traditional\proc\p18f85j50.asm
                T1CONbits   0x000fcd       data     extern E:\c18v3.46\pic18-lt\cxx-framework\src\traditional\proc\p18f85j50.asm
               ODCON2bits   0x000fce       data     extern E:\c18v3.46\pic18-lt\cxx-framework\src\traditional\proc\p18f85j50.asm
                   ODCON2   0x000fce       data     extern E:\c18v3.46\pic18-lt\cxx-framework\src\traditional\proc\p18f85j50.asm
                    TMR1L   0x000fce       data     extern E:\c18v3.46\pic18-lt\cxx-framework\src\traditional\proc\p18f85j50.asm
                   ODCON1   0x000fcf       data     extern E:\c18v3.46\pic18-lt\cxx-framework\src\traditional\proc\p18f85j50.asm
               ODCON1bits   0x000fcf       data     extern E:\c18v3.46\pic18-lt\cxx-framework\src\traditional\proc\p18f85j50.asm
                    TMR1H   0x000fcf       data     extern E:\c18v3.46\pic18-lt\cxx-framework\src\traditional\proc\p18f85j50.asm
                 RCONbits   0x000fd0       data     extern E:\c18v3.46\pic18-lt\cxx-framework\src\traditional\proc\p18f85j50.asm
                     RCON   0x000fd0       data     extern E:\c18v3.46\pic18-lt\cxx-framework\src\traditional\proc\p18f85j50.asm
                   CM2CON   0x000fd1       data     extern E:\c18v3.46\pic18-lt\cxx-framework\src\traditional\proc\p18f85j50.asm
                  CM2CON1   0x000fd1       data     extern E:\c18v3.46\pic18-lt\cxx-framework\src\traditional\proc\p18f85j50.asm
               CM2CONbits   0x000fd1       data     extern E:\c18v3.46\pic18-lt\cxx-framework\src\traditional\proc\p18f85j50.asm
              CM2CON1bits   0x000fd1       data     extern E:\c18v3.46\pic18-lt\cxx-framework\src\traditional\proc\p18f85j50.asm
                   CM1CON   0x000fd2       data     extern E:\c18v3.46\pic18-lt\cxx-framework\src\traditional\proc\p18f85j50.asm
               CM1CONbits   0x000fd2       data     extern E:\c18v3.46\pic18-lt\cxx-framework\src\traditional\proc\p18f85j50.asm
                  CM1CON1   0x000fd2       data     extern E:\c18v3.46\pic18-lt\cxx-framework\src\traditional\proc\p18f85j50.asm
              CM1CON1bits   0x000fd2       data     extern E:\c18v3.46\pic18-lt\cxx-framework\src\traditional\proc\p18f85j50.asm
                   OSCCON   0x000fd3       data     extern E:\c18v3.46\pic18-lt\cxx-framework\src\traditional\proc\p18f85j50.asm
               OSCCONbits   0x000fd3       data     extern E:\c18v3.46\pic18-lt\cxx-framework\src\traditional\proc\p18f85j50.asm
              REFOCONbits   0x000fd3       data     extern E:\c18v3.46\pic18-lt\cxx-framework\src\traditional\proc\p18f85j50.asm
                  REFOCON   0x000fd3       data     extern E:\c18v3.46\pic18-lt\cxx-framework\src\traditional\proc\p18f85j50.asm
                T0CONbits   0x000fd5       data     extern E:\c18v3.46\pic18-lt\cxx-framework\src\traditional\proc\p18f85j50.asm
                    T0CON   0x000fd5       data     extern E:\c18v3.46\pic18-lt\cxx-framework\src\traditional\proc\p18f85j50.asm
                    TMR0L   0x000fd6       data     extern E:\c18v3.46\pic18-lt\cxx-framework\src\traditional\proc\p18f85j50.asm
                    TMR0H   0x000fd7       data     extern E:\c18v3.46\pic18-lt\cxx-framework\src\traditional\proc\p18f85j50.asm
               STATUSbits   0x000fd8       data     extern E:\c18v3.46\pic18-lt\cxx-framework\src\traditional\proc\p18f85j50.asm
                   STATUS   0x000fd8       data     extern E:\c18v3.46\pic18-lt\cxx-framework\src\traditional\proc\p18f85j50.asm
                    FSR2L   0x000fd9       data     extern E:\c18v3.46\pic18-lt\cxx-framework\src\traditional\proc\p18f85j50.asm
                     FSR2   0x000fd9       data     extern E:\c18v3.46\pic18-lt\cxx-framework\src\traditional\proc\p18f85j50.asm
                    FSR2H   0x000fda       data     extern E:\c18v3.46\pic18-lt\cxx-framework\src\traditional\proc\p18f85j50.asm
                   PLUSW2   0x000fdb       data     extern E:\c18v3.46\pic18-lt\cxx-framework\src\traditional\proc\p18f85j50.asm
                  PREINC2   0x000fdc       data     extern E:\c18v3.46\pic18-lt\cxx-framework\src\traditional\proc\p18f85j50.asm
                 POSTDEC2   0x000fdd       data     extern E:\c18v3.46\pic18-lt\cxx-framework\src\traditional\proc\p18f85j50.asm
                 POSTINC2   0x000fde       data     extern E:\c18v3.46\pic18-lt\cxx-framework\src\traditional\proc\p18f85j50.asm
                    INDF2   0x000fdf       data     extern E:\c18v3.46\pic18-lt\cxx-framework\src\traditional\proc\p18f85j50.asm
                      BSR   0x000fe0       data     extern E:\c18v3.46\pic18-lt\cxx-framework\src\traditional\proc\p18f85j50.asm
                     FSR1   0x000fe1       data     extern E:\c18v3.46\pic18-lt\cxx-framework\src\traditional\proc\p18f85j50.asm
                    FSR1L   0x000fe1       data     extern E:\c18v3.46\pic18-lt\cxx-framework\src\traditional\proc\p18f85j50.asm
                    FSR1H   0x000fe2       data     extern E:\c18v3.46\pic18-lt\cxx-framework\src\traditional\proc\p18f85j50.asm
                   PLUSW1   0x000fe3       data     extern E:\c18v3.46\pic18-lt\cxx-framework\src\traditional\proc\p18f85j50.asm
                  PREINC1   0x000fe4       data     extern E:\c18v3.46\pic18-lt\cxx-framework\src\traditional\proc\p18f85j50.asm
                 POSTDEC1   0x000fe5       data     extern E:\c18v3.46\pic18-lt\cxx-framework\src\traditional\proc\p18f85j50.asm
                 POSTINC1   0x000fe6       data     extern E:\c18v3.46\pic18-lt\cxx-framework\src\traditional\proc\p18f85j50.asm
                    INDF1   0x000fe7       data     extern E:\c18v3.46\pic18-lt\cxx-framework\src\traditional\proc\p18f85j50.asm
                     WREG   0x000fe8       data     extern E:\c18v3.46\pic18-lt\cxx-framework\src\traditional\proc\p18f85j50.asm
                    FSR0L   0x000fe9       data     extern E:\c18v3.46\pic18-lt\cxx-framework\src\traditional\proc\p18f85j50.asm
                     FSR0   0x000fe9       data     extern E:\c18v3.46\pic18-lt\cxx-framework\src\traditional\proc\p18f85j50.asm
                    FSR0H   0x000fea       data     extern E:\c18v3.46\pic18-lt\cxx-framework\src\traditional\proc\p18f85j50.asm
                   PLUSW0   0x000feb       data     extern E:\c18v3.46\pic18-lt\cxx-framework\src\traditional\proc\p18f85j50.asm
                  PREINC0   0x000fec       data     extern E:\c18v3.46\pic18-lt\cxx-framework\src\traditional\proc\p18f85j50.asm
                 POSTDEC0   0x000fed       data     extern E:\c18v3.46\pic18-lt\cxx-framework\src\traditional\proc\p18f85j50.asm
                 POSTINC0   0x000fee       data     extern E:\c18v3.46\pic18-lt\cxx-framework\src\traditional\proc\p18f85j50.asm
                    INDF0   0x000fef       data     extern E:\c18v3.46\pic18-lt\cxx-framework\src\traditional\proc\p18f85j50.asm
                  INTCON3   0x000ff0       data     extern E:\c18v3.46\pic18-lt\cxx-framework\src\traditional\proc\p18f85j50.asm
              INTCON3bits   0x000ff0       data     extern E:\c18v3.46\pic18-lt\cxx-framework\src\traditional\proc\p18f85j50.asm
                  INTCON2   0x000ff1       data     extern E:\c18v3.46\pic18-lt\cxx-framework\src\traditional\proc\p18f85j50.asm
              INTCON2bits   0x000ff1       data     extern E:\c18v3.46\pic18-lt\cxx-framework\src\traditional\proc\p18f85j50.asm
                   INTCON   0x000ff2       data     extern E:\c18v3.46\pic18-lt\cxx-framework\src\traditional\proc\p18f85j50.asm
               INTCONbits   0x000ff2       data     extern E:\c18v3.46\pic18-lt\cxx-framework\src\traditional\proc\p18f85j50.asm
                    PRODL   0x000ff3       data     extern E:\c18v3.46\pic18-lt\cxx-framework\src\traditional\proc\p18f85j50.asm
                     PROD   0x000ff3       data     extern E:\c18v3.46\pic18-lt\cxx-framework\src\traditional\proc\p18f85j50.asm
                    PRODH   0x000ff4       data     extern E:\c18v3.46\pic18-lt\cxx-framework\src\traditional\proc\p18f85j50.asm
                   TABLAT   0x000ff5       data     extern E:\c18v3.46\pic18-lt\cxx-framework\src\traditional\proc\p18f85j50.asm
                   TBLPTR   0x000ff6       data     extern E:\c18v3.46\pic18-lt\cxx-framework\src\traditional\proc\p18f85j50.asm
                  TBLPTRL   0x000ff6       data     extern E:\c18v3.46\pic18-lt\cxx-framework\src\traditional\proc\p18f85j50.asm
                  TBLPTRH   0x000ff7       data     extern E:\c18v3.46\pic18-lt\cxx-framework\src\traditional\proc\p18f85j50.asm
                  TBLPTRU   0x000ff8       data     extern E:\c18v3.46\pic18-lt\cxx-framework\src\traditional\proc\p18f85j50.asm
                      PCL   0x000ff9       data     extern E:\c18v3.46\pic18-lt\cxx-framework\src\traditional\proc\p18f85j50.asm
                       PC   0x000ff9       data     extern E:\c18v3.46\pic18-lt\cxx-framework\src\traditional\proc\p18f85j50.asm
                   PCLATH   0x000ffa       data     extern E:\c18v3.46\pic18-lt\cxx-framework\src\traditional\proc\p18f85j50.asm
                   PCLATU   0x000ffb       data     extern E:\c18v3.46\pic18-lt\cxx-framework\src\traditional\proc\p18f85j50.asm
                   STKPTR   0x000ffc       data     extern E:\c18v3.46\pic18-lt\cxx-framework\src\traditional\proc\p18f85j50.asm
               STKPTRbits   0x000ffc       data     extern E:\c18v3.46\pic18-lt\cxx-framework\src\traditional\proc\p18f85j50.asm
                      TOS   0x000ffd       data     extern E:\c18v3.46\pic18-lt\cxx-framework\src\traditional\proc\p18f85j50.asm
                     TOSL   0x000ffd       data     extern E:\c18v3.46\pic18-lt\cxx-framework\src\traditional\proc\p18f85j50.asm
                     TOSH   0x000ffe       data     extern E:\c18v3.46\pic18-lt\cxx-framework\src\traditional\proc\p18f85j50.asm
                     TOSU   0x000fff       data     extern E:\c18v3.46\pic18-lt\cxx-framework\src\traditional\proc\p18f85j50.asm


