Microchip MPLAB XC8 Compiler V3.00

Linker command line:

-W-3 \
  --edf=C:\Program Files\Microchip\xc8\v3.00\pic\dat\20241204225717_en.msgs \
  -cn -h+dist/default/production\UHTV25.X.production.sym \
  --cmf=dist/default/production\UHTV25.X.production.cmf -z -Q18F87J50 \
  -oC:\Users\bruce\AppData\Local\Temp\xcAsonc.\driver_tmp_3.o \
  --defsym=__MPLAB_BUILD=1 --fixupoverflow=error \
  -Mdist/default/production/UHTV25.X.production.map \
  --md=C:\Users\bruce\AppData\Local\Temp\xcAsonc.\driver_tmp_0.dat -E1 \
  -ver=XC8 Compiler -ACODE=00h-01FFF7h -ACONST=00h-01FFF7h \
  -ASMALLCONST=01000h-010FFhx240,011000h-0110FFhx239,01FF00h-01FFF7h \
  -AMEDIUMCONST=01000h-0FFFFh,011000h-01FFF7h -ACOMRAM=01h-05Fh \
  -AABS1=00h-0F3Fh -ABIGRAM=01h-0F3Fh \
  -ARAM=060h-0FFh,0100h-01FFhx14,0F00h-0F3Fh -ABANK0=060h-0FFh \
  -ABANK1=0100h-01FFh -ABANK2=0200h-02FFh -ABANK3=0300h-03FFh \
  -ABANK4=0400h-04FFh -ABANK5=0500h-05FFh -ABANK6=0600h-06FFh \
  -ABANK7=0700h-07FFh -ABANK8=0800h-08FFh -ABANK9=0900h-09FFh \
  -ABANK10=0A00h-0AFFh -ABANK11=0B00h-0BFFh -ABANK12=0C00h-0CFFh \
  -ABANK13=0D00h-0DFFh -ABANK14=0E00h-0EFFh -ABANK15=0F00h-0F3Fh \
  -ASFR=0F40h-0F5Fh,0F60h-0FFFh -ABIGSFR=0F40h-0FFFh \
  -ACONFIG=01FFF8h-01FFFDh \
  -preset_vec=00h,intcode=8h,intcodelo=18h,sivt_lo,sivt_hi=CODE \
  -ppowerup=CODE,init -pramtop=01000h -psmallconst=SMALLCONST \
  -pmediumconst=MEDIUMCONST -pconst=CONST -AFARRAM=00h-00h \
  -pjflash_buffer=01F800h \
  -prdata=COMRAM,nvrram=COMRAM,nvbit=COMRAM,rbss=COMRAM,rbit=COMRAM \
  -pfarbss=FARRAM,fardata=FARRAM,nvFARRAM=FARRAM \
  -pintsave_regs=BIGRAM,bigbss=BIGRAM,bigdata=BIGRAM -pbss=RAM \
  -pidata=CODE,irdata=CODE,ibigdata=CODE,ifardata=CODE -prparam=COMRAM \
  C:\Users\bruce\AppData\Local\Temp\xcAsonc.\driver_tmp_9.o \
  dist/default/production\UHTV25.X.production.o 

Object code version is 3.11

Machine type is 18F87J50



                Name                               Link     Load   Length Selector   Space Scale
C:\Users\bruce\AppData\Local\Temp\xcAsonc.\driver_tmp_9.o
                config                            1FFF8    1FFF8        6        0       4
                init                                 2A       2A        4        C       0
                reset_vec                             0        0        4        0       0
dist/default/production\UHTV25.X.production.o
                intcodelo                            18       18       12        C       0
                intcode                               8        8        6        4       0
                config                            1FFF8    1FFF8        6        0       4
                temp                                 5E       5E        1        1       1
                smallconst                         1000     1000       C4      800       0
                intcode_body                       38CC     38CC       20      862       0
                text43                             38EC     38EC       1C      862       0
                text42                             33BA     33BA       8A      862       0
                text41                             366E     366E       54      862       0
                text40                             10C4     10C4      426      862       0
                text39                             2936     2936      106      862       0
                text38                             1E30     1E30      1B4      862       0
                text37                             2FBE     2FBE       CA      862       0
                text36                             3534     3534       70      862       0
                text35                             2A3C     2A3C       FC      862       0
                text34                             24DC     24DC      126      862       0
                text33                             14EA     14EA      3E2      862       0
                text32                             390C     390C        4      862       0
                text31                             3908     3908        4      862       0
                text30                             332C     332C       8E      862       0
                text29                             2E0C     2E0C       DE      862       0
                text28                             271C     271C      114      862       0
                text27                             2830     2830      106      862       0
                text26                             2D20     2D20       EC      862       0
                text25                             2128     2128      142      862       0
                text24                             34C4     34C4       70      862       0
                text23                             31E8     31E8       A8      862       0
                text22                             3712     3712       4C      862       0
                text21                             384C     384C       32      862       0
                text20                             38AA     38AA       22      862       0
                text19                             226A     226A      13C      862       0
                text18                             3290     3290       9C      862       0
                text17                             18CC     18CC      306      862       0
                text16                             1FE4     1FE4      144      862       0
                text15                             2C32     2C32       EE      862       0
                text14                             37E0     37E0       38      862       0
                text13                             2EEA     2EEA       D4      862       0
                text12                             2B38     2B38       FA      862       0
                text11                             3140     3140       A8      862       0
                text10                             23A6     23A6      136      862       0
                text9                              3444     3444       80      862       0
                text8                              36C2     36C2       50      862       0
                text7                              3088     3088       B8      862       0
                text6                              2602     2602      11A      862       0
                text5                              3818     3818       34      862       0
                text4                              360C     360C       62      862       0
                text3                              387E     387E       2C      862       0
                text2                              37A4     37A4       3C      862       0
                text1                              1BD2     1BD2      25E      862       0
                text0                              35A4     35A4       68      862       0
                cstackCOMRAM                         39       39       23        1       1
                bssBANK1                            100      100       E0      100       1
                bssBANK0                             60       60       68       60       1
                dataCOMRAM                           5C       5C        2        1       1
                bssCOMRAM                             1        1       38        1       1
                cinit                              375E     375E       46      862       0
                idataCOMRAM                        3910     3910        2      862       0

TOTAL           Name                               Link     Load   Length     Space
        CLASS   CODE           
                intcodelo                            18       18       12         0
                intcode                               8        8        6         0
                init                                 2A       2A        4         0
                reset_vec                             0        0        4         0
                intcode_body                       38CC     38CC       20         0
                text43                             38EC     38EC       1C         0
                text42                             33BA     33BA       8A         0
                text41                             366E     366E       54         0
                text40                             10C4     10C4      426         0
                text39                             2936     2936      106         0
                text38                             1E30     1E30      1B4         0
                text37                             2FBE     2FBE       CA         0
                text36                             3534     3534       70         0
                text35                             2A3C     2A3C       FC         0
                text34                             24DC     24DC      126         0
                text33                             14EA     14EA      3E2         0
                text32                             390C     390C        4         0
                text31                             3908     3908        4         0
                text30                             332C     332C       8E         0
                text29                             2E0C     2E0C       DE         0
                text28                             271C     271C      114         0
                text27                             2830     2830      106         0
                text26                             2D20     2D20       EC         0
                text25                             2128     2128      142         0
                text24                             34C4     34C4       70         0
                text23                             31E8     31E8       A8         0
                text22                             3712     3712       4C         0
                text21                             384C     384C       32         0
                text20                             38AA     38AA       22         0
                text19                             226A     226A      13C         0
                text18                             3290     3290       9C         0
                text17                             18CC     18CC      306         0
                text16                             1FE4     1FE4      144         0
                text15                             2C32     2C32       EE         0
                text14                             37E0     37E0       38         0
                text13                             2EEA     2EEA       D4         0
                text12                             2B38     2B38       FA         0
                text11                             3140     3140       A8         0
                text10                             23A6     23A6      136         0
                text9                              3444     3444       80         0
                text8                              36C2     36C2       50         0
                text7                              3088     3088       B8         0
                text6                              2602     2602      11A         0
                text5                              3818     3818       34         0
                text4                              360C     360C       62         0
                text3                              387E     387E       2C         0
                text2                              37A4     37A4       3C         0
                text1                              1BD2     1BD2      25E         0
                text0                              35A4     35A4       68         0
                cinit                              375E     375E       46         0
                idataCOMRAM                        3910     3910        2         0

        CLASS   CONST          

        CLASS   SMALLCONST     
                smallconst                         1000     1000       C4         0

        CLASS   MEDIUMCONST    

        CLASS   COMRAM         
                temp                                 5E       5E        1         1
                cstackCOMRAM                         39       39       23         1
                dataCOMRAM                           5C       5C        2         1
                bssCOMRAM                             1        1       38         1

        CLASS   ABS1           
                abs_s1                              400      400       30         1

        CLASS   BIGRAM         

        CLASS   RAM            

        CLASS   BANK0          
                bssBANK0                             60       60       68         1

        CLASS   BANK1          
                bssBANK1                            100      100       E0         1

        CLASS   BANK2          

        CLASS   BANK3          

        CLASS   BANK4          

        CLASS   BANK5          

        CLASS   BANK6          

        CLASS   BANK7          

        CLASS   BANK8          

        CLASS   BANK9          

        CLASS   BANK10         

        CLASS   BANK11         

        CLASS   BANK12         

        CLASS   BANK13         

        CLASS   BANK14         

        CLASS   BANK15         

        CLASS   SFR            

        CLASS   BIGSFR         

        CLASS   CONFIG         
                config                            1FFF8    1FFF8        6         4

        CLASS   FARRAM         

        CLASS   HEAP           

        CLASS   STACK          

        CLASS   IDLOC          



SEGMENTS        Name                           Load    Length   Top    Selector   Space  Class

                reset_vec                      000000  000004  000004         0       0  CODE    
                bssCOMRAM                      000001  00005E  00005F         1       1  COMRAM  
                intcode                        000008  000006  00000E         4       0  CODE    
                intcodelo                      000018  000016  00002E         C       0  CODE    
                bssBANK0                       000060  000068  0000C8        60       1  BANK0   
                bssBANK1                       000100  0000E0  0001E0       100       1  BANK1   
                smallconst                     001000  0000C4  0010C4       800       0  SMALLCON
                text40                         0010C4  00284E  003912       862       0  CODE    


UNUSED ADDRESS RANGES

        Name                Unused          Largest block    Delta
        BANK0            000C8-000FF              38
        BANK1            001E0-001FF              20
        BANK10           00A00-00AFF             100
        BANK11           00B00-00BFF             100
        BANK12           00C00-00CFF             100
        BANK13           00D00-00DFF             100
        BANK14           00E00-00EFF             100
        BANK15           00F00-00F3F              40
        BANK2            00200-002FF             100
        BANK3            00300-003FF             100
        BANK4            00430-004FF              D0
        BANK5            00500-005FF             100
        BANK6            00600-006FF             100
        BANK7            00700-007FF             100
        BANK8            00800-008FF             100
        BANK9            00900-009FF             100
        BIGRAM           0005F-0005F               1
                         000C8-000FF              38
                         001E0-003FF             220
                         00430-00F3F             B10
        BIGSFR           00F40-00FFF              C0
        CODE             00004-00007               4
                         0000E-00017               A
                         0002E-00FFF             FD2
                         03912-1FFF7           1C6E6
        COMRAM           0005F-0005F               1
        CONST            00004-00007               4
                         0000E-00017               A
                         0002E-00FFF             FD2
                         03912-1FFF7           1C6E6
        MEDIUMCONST      03912-0FFFF            C6EE
                         11000-1FFF7            EFF8
        RAM              000C8-000FF              38
                         001E0-003FF             100
                         00430-00F3F             100
        SFR              00F40-00FFF              20
        SMALLCONST       03912-0FFFF             100
                         11000-1FFF7             100

                                  Symbol Table

?_ReadAD                                 cstackCOMRAM  0003A
?_USBTransferOnePacket                   cstackCOMRAM  0003A
?___flmul                                cstackCOMRAM  0003A
?___fltol                                cstackCOMRAM  0003A
?___xxtofl                               cstackCOMRAM  00040
APP_DeviceCustomHIDTasks@t               cstackCOMRAM  0005B
InitializeSystem@pll_startup_counter     cstackCOMRAM  0003A
LatchData@latch                          cstackCOMRAM  0003B
LatchData@pin                            cstackCOMRAM  0003A
LatchData@port_value                     cstackCOMRAM  0003C
ReadAD@i                                 cstackCOMRAM  0003E
ReadADChannels@t                         cstackCOMRAM  00053
ReadADDataChannels@t                     cstackCOMRAM  00042
SYSTEM_Initialize@state                  cstackCOMRAM  0003A
SetInputLatchAddress@v                   cstackCOMRAM  0003B
USBConfigureEndpoint@EPNum               cstackCOMRAM  00041
USBConfigureEndpoint@direction           cstackCOMRAM  0003A
USBConfigureEndpoint@handle              cstackCOMRAM  00042
USBCtrlTrfInHandler@lastDTS              cstackCOMRAM  0003B
USBCtrlTrfRxService@byteToRead           cstackCOMRAM  0003B
USBCtrlTrfRxService@i                    cstackCOMRAM  0003A
USBCtrlTrfTxService@byteToSend           cstackCOMRAM  0003A
USBDeviceInit@i                          cstackCOMRAM  00042
USBDeviceTasks@i                         cstackCOMRAM  00059
USBEnableEndpoint@ep                     cstackCOMRAM  00047
USBEnableEndpoint@options                cstackCOMRAM  00044
USBEnableEndpoint@p                      cstackCOMRAM  00045
USBStdFeatureReqHandler@current_ep_data  cstackCOMRAM  00054
USBStdFeatureReqHandler@p                cstackCOMRAM  00055
USBStdFeatureReqHandler@pUEP             cstackCOMRAM  00052
USBStdGetStatusHandler@p                 cstackCOMRAM  0003A
USBStdSetCfgHandler@i                    cstackCOMRAM  00050
USBTransferOnePacket@data                cstackCOMRAM  0003B
USBTransferOnePacket@dir                 cstackCOMRAM  0003A
USBTransferOnePacket@ep                  cstackCOMRAM  00042
USBTransferOnePacket@handle              cstackCOMRAM  00043
USBTransferOnePacket@len                 cstackCOMRAM  0003D
USER_USB_CALLBACK_EVENT_HANDLER@event    cstackCOMRAM  00048
USER_USB_CALLBACK_EVENT_HANDLER@pdata    cstackCOMRAM  0004A
USER_USB_CALLBACK_EVENT_HANDLER@size     cstackCOMRAM  0004C
_ADCON0                                  (abs)         00FC2
_ADCON0bits                              (abs)         00FC2
_ADCON1                                  (abs)         00FC1
_ADRESH                                  (abs)         00FC4
_ADRESL                                  (abs)         00FC3
_ANCON0                                  (abs)         00FC1
_ANCON1                                  (abs)         00FC2
_APP_DeviceCustomHIDInitialize           text21        0384C
_APP_DeviceCustomHIDTasks                text33        014EA
_AllowDataOut                            text32        0390C
_AllowInputs                             text31        03908
_BDT                                     (abs)         00400
_BothEP0OutUOWNsSet                      bssCOMRAM     00026
_ClearAllPins                            text43        038EC
_CtrlTrfData                             (abs)         00428
_INTCONbits                              (abs)         00FF2
_InitializeSystem                        text30        0332C
_LatchData                               text42        033BA
_OSCTUNEbits                             (abs)         00F9B
_PIE2bits                                (abs)         00FA0
_PIR2bits                                (abs)         00FA1
_PORTCbits                               (abs)         00F82
_PORTD                                   (abs)         00F83
_PORTEbits                               (abs)         00F84
_PORTGbits                               (abs)         00F86
_PORTHbits                               (abs)         00F87
_PORTJbits                               (abs)         00F88
_ProcessIO                               text29        02E0C
_ReadAD                                  text41        0366E
_ReadADChannels                          text37        02FBE
_ReadADDataChannels                      text35        02A3C
_ReceivedDataBuffer                      bssBANK1      001A0
_RemoteWakeup                            bssCOMRAM     00029
_SYSTEM_Initialize                       text20        038AA
_SYS_InterruptHigh                       intcode       00008
_SYS_InterruptLow                        intcodelo     00018
_SetInputLatchAddress                    text36        03534
_SetupPkt                                (abs)         00420
_T0CONbits                               (abs)         00FD5
_TMR0H                                   (abs)         00FD7
_TMR0L                                   (abs)         00FD6
_TRISA                                   (abs)         00F92
_TRISB                                   (abs)         00F93
_TRISC                                   (abs)         00F94
_TRISD                                   (abs)         00F95
_TRISE                                   (abs)         00F96
_TRISF                                   (abs)         00F97
_TRISG                                   (abs)         00F98
_TRISH                                   (abs)         00F99
_TRISJ                                   (abs)         00F9A
_ToSendDataBuffer                        bssBANK0      00088
_UADDR                                   (abs)         00F5E
_UCFG                                    (abs)         00F5F
_UCON                                    (abs)         00F65
_UCONbits                                (abs)         00F65
_UEIE                                    (abs)         00F5D
_UEIR                                    (abs)         00F63
_UEP0                                    (abs)         00F4C
_UEP0bits                                (abs)         00F4C
_UEP1                                    (abs)         00F4D
_UIE                                     (abs)         00F5C
_UIEbits                                 (abs)         00F5C
_UIR                                     (abs)         00F62
_UIRbits                                 (abs)         00F62
_USB1msTickCount                         bssBANK0      0006C
_USBActiveConfiguration                  bssCOMRAM     00038
_USBAlternateInterface                   bssCOMRAM     00037
_USBBusIsSuspended                       bssCOMRAM     00028
_USBCheckHIDRequest                      text19        0226A
_USBCheckStdRequest                      text12        02B38
_USBConfigureEndpoint                    text23        031E8
_USBCtrlEPAllowDataStage                 text11        03140
_USBCtrlEPAllowStatusStage               text26        02D20
_USBCtrlEPService                        text7         03088
_USBCtrlEPServiceComplete                text10        023A6
_USBCtrlTrfInHandler                     text27        02830
_USBCtrlTrfOutHandler                    text24        034C4
_USBCtrlTrfRxService                     text25        02128
_USBCtrlTrfSetupHandler                  text9         03444
_USBCtrlTrfTxService                     text28        0271C
_USBDeferINDataStagePackets              bssCOMRAM     00021
_USBDeferOUTDataStagePackets             bssCOMRAM     00020
_USBDeferStatusStagePacket               bssCOMRAM     00024
_USBDeviceInit                           text6         02602
_USBDeviceState                          bssCOMRAM     00033
_USBDeviceTasks                          text1         01BD2
_USBEnableEndpoint                       text22        03712
_USBInHandle                             bssCOMRAM     0000E
_USBIncrement1msInternalTimers           text5         03818
_USBOutHandle                            bssBANK0      00070
_USBStallHandler                         text4         0360C
_USBStatusStageEnabledFlag1              bssCOMRAM     00023
_USBStatusStageEnabledFlag2              bssCOMRAM     00022
_USBStatusStageTimeoutCounter            bssCOMRAM     00025
_USBStdFeatureReqHandler                 text17        018CC
_USBStdGetDscHandler                     text16        01FE4
_USBStdGetStatusHandler                  text15        02C32
_USBStdSetCfgHandler                     text13        02EEA
_USBSuspend                              text3         0387E
_USBTicksSinceSuspendEnd                 bssCOMRAM     0001F
_USBTransferOnePacket                    text34        024DC
_USBWakeFromSuspend                      text2         037A4
_USB_CD_Ptr                              smallconst    01004
_USB_SD_Ptr                              smallconst    01001
_USER_USB_CALLBACK_EVENT_HANDLER         text18        03290
_USTAT                                   (abs)         00F64
_USTATcopy                               bssCOMRAM     00036
_WDTCONbits                              (abs)         00FC0
__HRAM                                   (abs)         00000
__H__absolute__                          __absolute__  00000
__Habs1                                  abs1          00000
__Hbank0                                 bank0         00000
__Hbank1                                 bank1         00000
__Hbank10                                bank10        00000
__Hbank11                                bank11        00000
__Hbank12                                bank12        00000
__Hbank13                                bank13        00000
__Hbank14                                bank14        00000
__Hbank15                                bank15        00000
__Hbank2                                 bank2         00000
__Hbank3                                 bank3         00000
__Hbank4                                 bank4         00000
__Hbank5                                 bank5         00000
__Hbank6                                 bank6         00000
__Hbank7                                 bank7         00000
__Hbank8                                 bank8         00000
__Hbank9                                 bank9         00000
__Hbigbss                                bigbss        00000
__Hbigdata                               bigdata       00000
__Hbigram                                bigram        00000
__Hbigsfr                                bigsfr        00000
__Hbss                                   bss           00000
__HbssBANK0                              bssBANK0      00000
__HbssBANK1                              bssBANK1      00000
__HbssCOMRAM                             bssCOMRAM     00000
__Hcinit                                 cinit         00000
__Hclrtext                               clrtext       00000
__Hcomram                                comram        00000
__Hconfig                                config        1FFFE
__Hconst                                 const         00000
__HcstackCOMRAM                          cstackCOMRAM  00000
__Hdata                                  data          00000
__HdataCOMRAM                            dataCOMRAM    00000
__Hfarbss                                farbss        00000
__Hfardata                               fardata       00000
__Hheap                                  heap          00000
__Hibigdata                              ibigdata      00000
__Hidata                                 idata         00000
__HidataCOMRAM                           idataCOMRAM   00000
__Hidloc                                 idloc         00000
__Hifardata                              ifardata      00000
__Hinit                                  init          0002E
__Hintcode                               intcode       0000E
__Hintcode_body                          intcode_body  00000
__Hintcodelo                             intcodelo     0002A
__Hintentry                              intentry      00000
__Hintret                                intret        00000
__Hintsave_regs                          intsave_regs  00000
__Hirdata                                irdata        00000
__Hjflash_buffer                         jflash_buffer 1F800
__Hmediumconst                           mediumconst   00000
__HnvFARRAM                              nvFARRAM      00000
__Hnvbit                                 nvbit         00000
__Hnvrram                                nvrram        00000
__Hparam                                 rparam        00000
__Hpowerup                               powerup       00000
__Hram                                   ram           00000
__Hramtop                                ramtop        01000
__Hrbit                                  rbit          00000
__Hrbss                                  rbss          00000
__Hrdata                                 rdata         00000
__Hreset_vec                             reset_vec     00004
__Hrparam                                rparam        00000
__Hsfr                                   sfr           00000
__Hsivt_hi                               sivt_hi       00000
__Hsivt_lo                               sivt_lo       0002A
__Hsmallconst                            smallconst    010C4
__Hspace_0                               (abs)         1F800
__Hspace_1                               (abs)         001E0
__Hspace_2                               (abs)         00000
__Hspace_4                               (abs)         3FFF6
__Hstack                                 stack         00000
__Hstruct                                struct        00000
__Htemp                                  temp          0005F
__Htext                                  text          00000
__Htext0                                 text0         00000
__Htext1                                 text1         00000
__Htext10                                text10        00000
__Htext11                                text11        00000
__Htext12                                text12        00000
__Htext13                                text13        00000
__Htext14                                text14        00000
__Htext15                                text15        00000
__Htext16                                text16        00000
__Htext17                                text17        00000
__Htext18                                text18        00000
__Htext19                                text19        00000
__Htext2                                 text2         00000
__Htext20                                text20        00000
__Htext21                                text21        00000
__Htext22                                text22        00000
__Htext23                                text23        00000
__Htext24                                text24        00000
__Htext25                                text25        00000
__Htext26                                text26        00000
__Htext27                                text27        00000
__Htext28                                text28        00000
__Htext29                                text29        00000
__Htext3                                 text3         00000
__Htext30                                text30        00000
__Htext31                                text31        00000
__Htext32                                text32        00000
__Htext33                                text33        00000
__Htext34                                text34        00000
__Htext35                                text35        00000
__Htext36                                text36        00000
__Htext37                                text37        00000
__Htext38                                text38        00000
__Htext39                                text39        00000
__Htext4                                 text4         00000
__Htext40                                text40        00000
__Htext41                                text41        00000
__Htext42                                text42        00000
__Htext43                                text43        00000
__Htext5                                 text5         00000
__Htext6                                 text6         00000
__Htext7                                 text7         00000
__Htext8                                 text8         00000
__Htext9                                 text9         00000
__LRAM                                   (abs)         00001
__L__absolute__                          __absolute__  00000
__Labs1                                  abs1          00000
__Lbank0                                 bank0         00000
__Lbank1                                 bank1         00000
__Lbank10                                bank10        00000
__Lbank11                                bank11        00000
__Lbank12                                bank12        00000
__Lbank13                                bank13        00000
__Lbank14                                bank14        00000
__Lbank15                                bank15        00000
__Lbank2                                 bank2         00000
__Lbank3                                 bank3         00000
__Lbank4                                 bank4         00000
__Lbank5                                 bank5         00000
__Lbank6                                 bank6         00000
__Lbank7                                 bank7         00000
__Lbank8                                 bank8         00000
__Lbank9                                 bank9         00000
__Lbigbss                                bigbss        00000
__Lbigdata                               bigdata       00000
__Lbigram                                bigram        00000
__Lbigsfr                                bigsfr        00000
__Lbss                                   bss           00000
__LbssBANK0                              bssBANK0      00000
__LbssBANK1                              bssBANK1      00000
__LbssCOMRAM                             bssCOMRAM     00000
__Lcinit                                 cinit         00000
__Lclrtext                               clrtext       00000
__Lcomram                                comram        00000
__Lconfig                                config        00000
__Lconst                                 const         00000
__LcstackCOMRAM                          cstackCOMRAM  00000
__Ldata                                  data          00000
__LdataCOMRAM                            dataCOMRAM    00000
__Lfarbss                                farbss        00000
__Lfardata                               fardata       00000
__Lheap                                  heap          00000
__Libigdata                              ibigdata      00000
__Lidata                                 idata         00000
__LidataCOMRAM                           idataCOMRAM   00000
__Lidloc                                 idloc         00000
__Lifardata                              ifardata      00000
__Linit                                  init          0002A
__Lintcode                               intcode       00008
__Lintcode_body                          intcode_body  00000
__Lintcodelo                             intcodelo     00018
__Lintentry                              intentry      00000
__Lintret                                intret        00000
__Lintsave_regs                          intsave_regs  00000
__Lirdata                                irdata        00000
__Ljflash_buffer                         jflash_buffer 1F800
__Lmediumconst                           mediumconst   00000
__LnvFARRAM                              nvFARRAM      00000
__Lnvbit                                 nvbit         00000
__Lnvrram                                nvrram        00000
__Lparam                                 rparam        00000
__Lpowerup                               powerup       00000
__Lram                                   ram           00000
__Lramtop                                ramtop        01000
__Lrbit                                  rbit          00000
__Lrbss                                  rbss          00000
__Lrdata                                 rdata         00000
__Lreset_vec                             reset_vec     00000
__Lrparam                                rparam        00000
__Lsfr                                   sfr           00000
__Lsivt_hi                               sivt_hi       00000
__Lsivt_lo                               sivt_lo       0002A
__Lsmallconst                            smallconst    01000
__Lspace_0                               (abs)         00000
__Lspace_1                               (abs)         00000
__Lspace_2                               (abs)         00000
__Lspace_4                               (abs)         00000
__Lstack                                 stack         00000
__Lstruct                                struct        00000
__Ltemp                                  temp          0005E
__Ltext                                  text          00000
__Ltext0                                 text0         00000
__Ltext1                                 text1         00000
__Ltext10                                text10        00000
__Ltext11                                text11        00000
__Ltext12                                text12        00000
__Ltext13                                text13        00000
__Ltext14                                text14        00000
__Ltext15                                text15        00000
__Ltext16                                text16        00000
__Ltext17                                text17        00000
__Ltext18                                text18        00000
__Ltext19                                text19        00000
__Ltext2                                 text2         00000
__Ltext20                                text20        00000
__Ltext21                                text21        00000
__Ltext22                                text22        00000
__Ltext23                                text23        00000
__Ltext24                                text24        00000
__Ltext25                                text25        00000
__Ltext26                                text26        00000
__Ltext27                                text27        00000
__Ltext28                                text28        00000
__Ltext29                                text29        00000
__Ltext3                                 text3         00000
__Ltext30                                text30        00000
__Ltext31                                text31        00000
__Ltext32                                text32        00000
__Ltext33                                text33        00000
__Ltext34                                text34        00000
__Ltext35                                text35        00000
__Ltext36                                text36        00000
__Ltext37                                text37        00000
__Ltext38                                text38        00000
__Ltext39                                text39        00000
__Ltext4                                 text4         00000
__Ltext40                                text40        00000
__Ltext41                                text41        00000
__Ltext42                                text42        00000
__Ltext43                                text43        00000
__Ltext5                                 text5         00000
__Ltext6                                 text6         00000
__Ltext7                                 text7         00000
__Ltext8                                 text8         00000
__Ltext9                                 text9         00000
__S0                                     (abs)         03912
__S1                                     (abs)         001E0
__S4                                     (abs)         00000
___extmem_base                           (abs)         20000
___flmul                                 text40        010C4
___flmul@a                               cstackCOMRAM  0003E
___flmul@aexp                            cstackCOMRAM  0004B
___flmul@b                               cstackCOMRAM  0003A
___flmul@bexp                            cstackCOMRAM  0004C
___flmul@grs                             cstackCOMRAM  00047
___flmul@prod                            cstackCOMRAM  0004D
___flmul@sign                            cstackCOMRAM  00046
___flmul@temp                            cstackCOMRAM  00051
___fltol                                 text39        02936
___fltol@exp1                            cstackCOMRAM  00043
___fltol@f1                              cstackCOMRAM  0003A
___fltol@sign1                           cstackCOMRAM  00042
___heap_hi                               (abs)         00000
___heap_lo                               (abs)         00000
___inthi_sp                              stack         00000
___inthi_stack_hi                        stack         00000
___inthi_stack_lo                        stack         00000
___intlo_sp                              stack         00000
___intlo_stack_hi                        stack         00000
___intlo_stack_lo                        stack         00000
___param_bank                            (abs)         00000
___rparam_used                           (abs)         00001
___sp                                    stack         00000
___stack_hi                              stack         00000
___stack_lo                              stack         00000
___xxtofl                                text38        01E30
___xxtofl@arg                            cstackCOMRAM  0004A
___xxtofl@exp                            cstackCOMRAM  00049
___xxtofl@sign                           cstackCOMRAM  00048
___xxtofl@val                            cstackCOMRAM  00040
__accesstop                              (abs)         00060
__activetblptr                           (abs)         00003
__end_of_APP_DeviceCustomHIDInitialize   text21        0387E
__end_of_APP_DeviceCustomHIDTasks        text33        018CC
__end_of_AllowDataOut                    text32        03910
__end_of_AllowInputs                     text31        0390C
__end_of_ClearAllPins                    text43        03908
__end_of_InitializeSystem                text30        033BA
__end_of_LatchData                       text42        03444
__end_of_ProcessIO                       text29        02EEA
__end_of_ReadAD                          text41        036C2
__end_of_ReadADChannels                  text37        03088
__end_of_ReadADDataChannels              text35        02B38
__end_of_SYSTEM_Initialize               text20        038CC
__end_of_SYS_InterruptHigh               intcode_body  038EC
__end_of_SYS_InterruptLow                intcodelo     0002A
__end_of_SetInputLatchAddress            text36        035A4
__end_of_USBCheckHIDRequest              text19        023A6
__end_of_USBCheckStdRequest              text12        02C32
__end_of_USBConfigureEndpoint            text23        03290
__end_of_USBCtrlEPAllowDataStage         text11        031E8
__end_of_USBCtrlEPAllowStatusStage       text26        02E0C
__end_of_USBCtrlEPService                text7         03140
__end_of_USBCtrlEPServiceComplete        text10        024DC
__end_of_USBCtrlTrfInHandler             text27        02936
__end_of_USBCtrlTrfOutHandler            text24        03534
__end_of_USBCtrlTrfRxService             text25        0226A
__end_of_USBCtrlTrfSetupHandler          text9         034C4
__end_of_USBCtrlTrfTxService             text28        02830
__end_of_USBDeviceInit                   text6         0271C
__end_of_USBDeviceTasks                  text1         01E30
__end_of_USBEnableEndpoint               text22        0375E
__end_of_USBIncrement1msInternalTimers   text5         0384C
__end_of_USBStallHandler                 text4         0366E
__end_of_USBStdFeatureReqHandler         text17        01BD2
__end_of_USBStdGetDscHandler             text16        02128
__end_of_USBStdGetStatusHandler          text15        02D20
__end_of_USBStdSetCfgHandler             text13        02FBE
__end_of_USBSuspend                      text3         038AA
__end_of_USBTransferOnePacket            text34        02602
__end_of_USBWakeFromSuspend              text2         037E0
__end_of_USB_CD_Ptr                      smallconst    01005
__end_of_USB_SD_Ptr                      smallconst    01004
__end_of_USER_USB_CALLBACK_EVENT_HANDLER text18        0332C
__end_of___flmul                         text40        014EA
__end_of___fltol                         text39        02A3C
__end_of___xxtofl                        text38        01FE4
__end_of__initialization                 cinit         0379A
__end_of_configDescriptor1               smallconst    01090
__end_of_device_dsc                      smallconst    010BF
__end_of_hid_rpt01                       smallconst    010AD
__end_of_main                            text0         0360C
__end_of_memcpy                          text8         03712
__end_of_memset                          text14        03818
__end_of_sd000                           smallconst    010C3
__end_of_sd001                           smallconst    01039
__end_of_sd002                           smallconst    01067
__initialization                         cinit         0375E
__mediumconst                            smallconst    01000
__pbssBANK0                              bssBANK0      00060
__pbssBANK1                              bssBANK1      00100
__pbssCOMRAM                             bssCOMRAM     00001
__pcinit                                 cinit         0375E
__pcstackCOMRAM                          cstackCOMRAM  00039
__pdataCOMRAM                            dataCOMRAM    0005C
__pidataCOMRAM                           idataCOMRAM   03910
__pintcode                               intcode       00008
__pintcode_body                          intcode_body  038CC
__pintcodelo                             intcodelo     00018
__psmallconst                            smallconst    01000
__ptext0                                 text0         035A4
__ptext1                                 text1         01BD2
__ptext10                                text10        023A6
__ptext11                                text11        03140
__ptext12                                text12        02B38
__ptext13                                text13        02EEA
__ptext14                                text14        037E0
__ptext15                                text15        02C32
__ptext16                                text16        01FE4
__ptext17                                text17        018CC
__ptext18                                text18        03290
__ptext19                                text19        0226A
__ptext2                                 text2         037A4
__ptext20                                text20        038AA
__ptext21                                text21        0384C
__ptext22                                text22        03712
__ptext23                                text23        031E8
__ptext24                                text24        034C4
__ptext25                                text25        02128
__ptext26                                text26        02D20
__ptext27                                text27        02830
__ptext28                                text28        0271C
__ptext29                                text29        02E0C
__ptext3                                 text3         0387E
__ptext30                                text30        0332C
__ptext31                                text31        03908
__ptext32                                text32        0390C
__ptext33                                text33        014EA
__ptext34                                text34        024DC
__ptext35                                text35        02A3C
__ptext36                                text36        03534
__ptext37                                text37        02FBE
__ptext38                                text38        01E30
__ptext39                                text39        02936
__ptext4                                 text4         0360C
__ptext40                                text40        010C4
__ptext41                                text41        0366E
__ptext42                                text42        033BA
__ptext43                                text43        038EC
__ptext5                                 text5         03818
__ptext6                                 text6         02602
__ptext7                                 text7         03088
__ptext8                                 text8         036C2
__ptext9                                 text9         03444
__ramtop                                 ramtop        01000
__smallconst                             smallconst    01000
_active_protocol                         bssCOMRAM     00034
_an0                                     bssBANK0      00082
_an1                                     bssBANK0      00080
_an2                                     bssBANK0      0007E
_bg_counter                              bssCOMRAM     00030
_bg_flag                                 bssCOMRAM     00031
_blinkStatusValid                        dataCOMRAM    0005D
_configDescriptor1                       smallconst    01067
_controlTransferState                    bssCOMRAM     0002A
_device_dsc                              smallconst    010AD
_endpoint_number                         bssCOMRAM     00027
_ep_data_in                              bssCOMRAM     00012
_ep_data_out                             bssCOMRAM     00010
_f                                       bssBANK0      00068
_hid_rpt01                               smallconst    01090
_i                                       bssCOMRAM     0001E
_i_tmrIndicator                          bssBANK0      0007C
_idle_rate                               bssCOMRAM     00035
_inPipes                                 bssCOMRAM     00001
_inputs                                  bssBANK1      00100
_j                                       bssCOMRAM     0001D
_k                                       bssCOMRAM     0001C
_led_status                              bssCOMRAM     00032
_main                                    text0         035A4
_mem                                     bssBANK0      00072
_memcpy                                  text8         036C2
_memset                                  text14        037E0
_outPipes                                bssBANK0      00060
_p                                       bssBANK0      00074
_pBDTEntryEP0OutCurrent                  bssCOMRAM     00016
_pBDTEntryEP0OutNext                     bssCOMRAM     00014
_pBDTEntryIn                             bssCOMRAM     00006
_pBDTEntryOut                            bssCOMRAM     0000A
_pDst                                    bssBANK0      00076
_pwm_flag                                bssCOMRAM     0002C
_pwm_max                                 bssCOMRAM     0002F
_pwm_step                                bssCOMRAM     0002D
_pwm_step_value                          dataCOMRAM    0005C
_pwm_value                               bssCOMRAM     0002E
_sd000                                   smallconst    010BF
_sd001                                   smallconst    01005
_sd002                                   smallconst    01039
_shortPacketStatus                       bssCOMRAM     0002B
_string_to_send                          bssBANK1      00160
_ui_temp1                                bssBANK0      0007A
_ui_temp2                                bssBANK0      00078
_vsense_12v                              bssCOMRAM     0001A
_vsense_15v                              bssBANK0      00084
_vsense_3v3                              bssBANK0      00086
_vsense_psu                              bssCOMRAM     00018
btemp                                    temp          0005E
end_of_initialization                    cinit         0379A
int$flags                                temp          0005E
int_func                                 intcode_body  038CC
intlevel0                                text          00000
intlevel1                                text          00000
intlevel2                                text          00000
intlevel3                                text          00000
isa$std                                  (abs)         00001
isa$xinst                                (abs)         00000
memcpy@d                                 cstackCOMRAM  00040
memcpy@d1                                cstackCOMRAM  0003A
memcpy@n                                 cstackCOMRAM  0003E
memcpy@s                                 cstackCOMRAM  00042
memcpy@s1                                cstackCOMRAM  0003C
memcpy@tmp                               cstackCOMRAM  00044
memset@c                                 cstackCOMRAM  0003C
memset@dest                              cstackCOMRAM  0003A
memset@n                                 cstackCOMRAM  0003E
memset@p                                 cstackCOMRAM  00040
stackhi                                  (abs)         00000
stacklo                                  (abs)         00000
start                                    init          0002A
start_initialization                     cinit         0375E
ttemp5                                   temp          0005F
ttemp6                                   temp          00062
ttemp7                                   temp          00066
wtemp8                                   temp          0005F


MODULE INFORMATION

Module		Function		Class		Link	Load	Size
../main.c
		_main          		CODE           	35A4	0000	104
		_InitializeSystem		CODE           	332C	0000	142
		_ProcessIO     		CODE           	2E0C	0000	222

../main.c estimated size: 468

../usb_events.c
		_USER_USB_CALLBACK_EVENT_HANDLER		CODE           	3290	0000	156

../usb_events.c estimated size: 156

../usb_device_hid.c
		_USBCheckHIDRequest		CODE           	226A	0000	316

../usb_device_hid.c estimated size: 316

C:\Program Files\Microchip\xc8\v3.00\pic\sources\c99\common\memcpy.c
		_memcpy        		CODE           	36C2	0000	80

C:\Program Files\Microchip\xc8\v3.00\pic\sources\c99\common\memcpy.c estimated size: 80

../helpfunc.c
		_ClearAllPins  		CODE           	38EC	0000	28
		_ReadAD        		CODE           	366E	0000	84
		_LatchData     		CODE           	33BA	0000	138
		_AllowInputs   		CODE           	3908	0000	4
		_SetInputLatchAddress		CODE           	3534	0000	112
		_ReadADChannels		CODE           	2FBE	0000	202
		_AllowDataOut  		CODE           	390C	0000	4
		_ReadADDataChannels		CODE           	2A3C	0000	252

../helpfunc.c estimated size: 824

C:\Program Files\Microchip\xc8\v3.00\pic\sources\c99\common\sprcmul.c
		___flmul       		CODE           	10C4	0000	1062

C:\Program Files\Microchip\xc8\v3.00\pic\sources\c99\common\sprcmul.c estimated size: 1062

shared
		_configDescriptor1		SMALLCONST     	1067	0000	41
		_USB_CD_Ptr    		SMALLCONST     	1004	0000	1
		_sd001         		SMALLCONST     	1005	0000	52
		_sd002         		SMALLCONST     	1039	0000	46
		__initialization		CODE           	375E	0000	60
		_device_dsc    		SMALLCONST     	10AD	0000	18
		_USB_SD_Ptr    		SMALLCONST     	1001	0000	3
		_hid_rpt01     		SMALLCONST     	1090	0000	29
		_sd000         		SMALLCONST     	10BF	0000	4

shared estimated size: 254

C:\Program Files\Microchip\xc8\v3.00\pic\sources\c99\common\xxtofl.c
		___xxtofl      		CODE           	1E30	0000	436

C:\Program Files\Microchip\xc8\v3.00\pic\sources\c99\common\xxtofl.c estimated size: 436

C:\Program Files\Microchip\xc8\v3.00\pic\sources\c99\common\memset.c
		_memset        		CODE           	37E0	0000	56

C:\Program Files\Microchip\xc8\v3.00\pic\sources\c99\common\memset.c estimated size: 56

C:\Program Files\Microchip\xc8\v3.00\pic\sources\c99\common\fltol.c
		___fltol       		CODE           	2936	0000	262

C:\Program Files\Microchip\xc8\v3.00\pic\sources\c99\common\fltol.c estimated size: 262

../app_device_custom_hid.c
		_APP_DeviceCustomHIDTasks		CODE           	14EA	0000	994
		_APP_DeviceCustomHIDInitialize		CODE           	384C	0000	50

../app_device_custom_hid.c estimated size: 1044

../usb_device.c
		_USBCtrlTrfInHandler		CODE           	2830	0000	262
		_USBTransferOnePacket		CODE           	24DC	0000	294
		_USBStdGetDscHandler		CODE           	1FE4	0000	324
		_USBCtrlEPAllowDataStage		CODE           	3140	0000	168
		_USBStdFeatureReqHandler		CODE           	18CC	0000	774
		_USBCtrlEPAllowStatusStage		CODE           	2D20	0000	236
		_USBCtrlTrfSetupHandler		CODE           	3444	0000	128
		_USBCtrlTrfOutHandler		CODE           	34C4	0000	112
		_USBCtrlEPServiceComplete		CODE           	23A6	0000	310
		_USBSuspend    		CODE           	387E	0000	44
		_USBStdSetCfgHandler		CODE           	2EEA	0000	212
		_USBStdGetStatusHandler		CODE           	2C32	0000	238
		_USBWakeFromSuspend		CODE           	37A4	0000	60
		_USBCtrlTrfRxService		CODE           	2128	0000	322
		_USBCtrlTrfTxService		CODE           	271C	0000	276
		_USBEnableEndpoint		CODE           	3712	0000	76
		_USBConfigureEndpoint		CODE           	31E8	0000	168
		_USBDeviceInit 		CODE           	2602	0000	282
		_USBIncrement1msInternalTimers		CODE           	3818	0000	52
		_USBCtrlEPService		CODE           	3088	0000	184
		_USBStallHandler		CODE           	360C	0000	98
		_USBDeviceTasks		CODE           	1BD2	0000	606
		_USBCheckStdRequest		CODE           	2B38	0000	250

../usb_device.c estimated size: 5476

../system.c
		_SYS_InterruptLow		CODE           	0018	0000	18
		_SYS_InterruptHigh		CODE           	0008	0000	38
		_SYSTEM_Initialize		CODE           	38AA	0000	34

../system.c estimated size: 90

